Archive member included to satisfy reference by file (symbol)

c:/program files (x86)/atollic/truestudio for stm32 9.0.1/armtools/bin/../lib/gcc/arm-atollic-eabi/6.3.1/../../../../arm-atollic-eabi/lib/armv7e-m/fpu\libc_nano.a(lib_a-init.o)
                              src\startup_stm32f40xx.o (__libc_init_array)
c:/program files (x86)/atollic/truestudio for stm32 9.0.1/armtools/bin/../lib/gcc/arm-atollic-eabi/6.3.1/../../../../arm-atollic-eabi/lib/armv7e-m/fpu\libc_nano.a(lib_a-malloc.o)
                              Libraries\STM32F4xx_StdPeriph_Driver\src\tm_stm32f4_delay.o (malloc)
c:/program files (x86)/atollic/truestudio for stm32 9.0.1/armtools/bin/../lib/gcc/arm-atollic-eabi/6.3.1/../../../../arm-atollic-eabi/lib/armv7e-m/fpu\libc_nano.a(lib_a-nano-freer.o)
                              c:/program files (x86)/atollic/truestudio for stm32 9.0.1/armtools/bin/../lib/gcc/arm-atollic-eabi/6.3.1/../../../../arm-atollic-eabi/lib/armv7e-m/fpu\libc_nano.a(lib_a-malloc.o) (_free_r)
c:/program files (x86)/atollic/truestudio for stm32 9.0.1/armtools/bin/../lib/gcc/arm-atollic-eabi/6.3.1/../../../../arm-atollic-eabi/lib/armv7e-m/fpu\libc_nano.a(lib_a-nano-mallocr.o)
                              c:/program files (x86)/atollic/truestudio for stm32 9.0.1/armtools/bin/../lib/gcc/arm-atollic-eabi/6.3.1/../../../../arm-atollic-eabi/lib/armv7e-m/fpu\libc_nano.a(lib_a-malloc.o) (_malloc_r)
c:/program files (x86)/atollic/truestudio for stm32 9.0.1/armtools/bin/../lib/gcc/arm-atollic-eabi/6.3.1/../../../../arm-atollic-eabi/lib/armv7e-m/fpu\libc_nano.a(lib_a-sbrkr.o)
                              c:/program files (x86)/atollic/truestudio for stm32 9.0.1/armtools/bin/../lib/gcc/arm-atollic-eabi/6.3.1/../../../../arm-atollic-eabi/lib/armv7e-m/fpu\libc_nano.a(lib_a-nano-mallocr.o) (_sbrk_r)
c:/program files (x86)/atollic/truestudio for stm32 9.0.1/armtools/bin/../lib/gcc/arm-atollic-eabi/6.3.1/../../../../arm-atollic-eabi/lib/armv7e-m/fpu\libc_nano.a(lib_a-strlen.o)
                              src\tiny_printf.o (strlen)
c:/program files (x86)/atollic/truestudio for stm32 9.0.1/armtools/bin/../lib/gcc/arm-atollic-eabi/6.3.1/../../../../arm-atollic-eabi/lib/armv7e-m/fpu\libc_nano.a(lib_a-impure.o)
                              c:/program files (x86)/atollic/truestudio for stm32 9.0.1/armtools/bin/../lib/gcc/arm-atollic-eabi/6.3.1/../../../../arm-atollic-eabi/lib/armv7e-m/fpu\libc_nano.a(lib_a-malloc.o) (_impure_ptr)
c:/program files (x86)/atollic/truestudio for stm32 9.0.1/armtools/bin/../lib/gcc/arm-atollic-eabi/6.3.1/../../../../arm-atollic-eabi/lib/armv7e-m/fpu\libc_nano.a(lib_a-mlock.o)
                              c:/program files (x86)/atollic/truestudio for stm32 9.0.1/armtools/bin/../lib/gcc/arm-atollic-eabi/6.3.1/../../../../arm-atollic-eabi/lib/armv7e-m/fpu\libc_nano.a(lib_a-nano-freer.o) (__malloc_lock)
c:/program files (x86)/atollic/truestudio for stm32 9.0.1/armtools/bin/../lib/gcc/arm-atollic-eabi/6.3.1/../../../../arm-atollic-eabi/lib/armv7e-m/fpu\libc_nano.a(lib_a-reent.o)
                              c:/program files (x86)/atollic/truestudio for stm32 9.0.1/armtools/bin/../lib/gcc/arm-atollic-eabi/6.3.1/../../../../arm-atollic-eabi/lib/armv7e-m/fpu\libc_nano.a(lib_a-sbrkr.o) (errno)
c:/program files (x86)/atollic/truestudio for stm32 9.0.1/armtools/bin/../lib/gcc/arm-atollic-eabi/6.3.1/armv7e-m/fpu\libgcc.a(_arm_addsubdf3.o)
                              Libraries\STM32F4xx_StdPeriph_Driver\src\tm_stm32f4_timer_properties.o (__aeabi_ui2d)
c:/program files (x86)/atollic/truestudio for stm32 9.0.1/armtools/bin/../lib/gcc/arm-atollic-eabi/6.3.1/armv7e-m/fpu\libgcc.a(_arm_muldivdf3.o)
                              Libraries\STM32F4xx_StdPeriph_Driver\src\tm_stm32f4_timer_properties.o (__aeabi_ddiv)
c:/program files (x86)/atollic/truestudio for stm32 9.0.1/armtools/bin/../lib/gcc/arm-atollic-eabi/6.3.1/armv7e-m/fpu\libgcc.a(_arm_cmpdf2.o)
                              Libraries\STM32F4xx_StdPeriph_Driver\src\tm_stm32f4_timer_properties.o (__aeabi_dcmpeq)
c:/program files (x86)/atollic/truestudio for stm32 9.0.1/armtools/bin/../lib/gcc/arm-atollic-eabi/6.3.1/armv7e-m/fpu\libgcc.a(_arm_fixunsdfsi.o)
                              Libraries\STM32F4xx_StdPeriph_Driver\src\tm_stm32f4_timer_properties.o (__aeabi_d2uiz)
c:/program files (x86)/atollic/truestudio for stm32 9.0.1/armtools/bin/../lib/gcc/arm-atollic-eabi/6.3.1/../../../../arm-atollic-eabi/lib/armv7e-m/fpu\libnosys.a(sbrk.o)
                              c:/program files (x86)/atollic/truestudio for stm32 9.0.1/armtools/bin/../lib/gcc/arm-atollic-eabi/6.3.1/../../../../arm-atollic-eabi/lib/armv7e-m/fpu\libc_nano.a(lib_a-sbrkr.o) (_sbrk)
c:/program files (x86)/atollic/truestudio for stm32 9.0.1/armtools/bin/../lib/gcc/arm-atollic-eabi/6.3.1/../../../../arm-atollic-eabi/lib/armv7e-m/fpu\libnosys.a(write.o)
                              src\tiny_printf.o (_write)

Allocating common symbols
Common symbol       size              file

tm_int_usb_vcp_buf_in
[...]
Memory Configuration

Name             Origin             Length             Attributes
FLASH            0x08000000         0x00100000         xr
RAM              0x20000000         0x00020000         xrw
MEMORY_B1        0x60000000         0x00000000         xr
CCMRAM           0x10000000         0x00010000         rw
*default*        0x00000000         0xffffffff

Linker script and memory map

LOAD c:/program files (x86)/atollic/truestudio for stm32 9.0.1/armtools/bin/../lib/gcc/arm-atollic-eabi/6.3.1/armv7e-m/fpu/crti.o
LOAD c:/program files (x86)/atollic/truestudio for stm32 9.0.1/armtools/bin/../lib/gcc/arm-atollic-eabi/6.3.1/armv7e-m/fpu/crtbegin.o
LOAD Libraries\STM32F4xx_StdPeriph_Driver\src\misc.o
LOAD Libraries\STM32F4xx_StdPeriph_Driver\src\stm32f4xx_adc.o
LOAD Libraries\STM32F4xx_StdPeriph_Driver\src\stm32f4xx_can.o
LOAD Libraries\STM32F4xx_StdPeriph_Driver\src\stm32f4xx_crc.o
LOAD Libraries\STM32F4xx_StdPeriph_Driver\src\stm32f4xx_cryp.o
LOAD Libraries\STM32F4xx_StdPeriph_Driver\src\stm32f4xx_cryp_aes.o
LOAD Libraries\STM32F4xx_StdPeriph_Driver\src\stm32f4xx_cryp_des.o
LOAD Libraries\STM32F4xx_StdPeriph_Driver\src\stm32f4xx_cryp_tdes.o
LOAD Libraries\STM32F4xx_StdPeriph_Driver\src\stm32f4xx_dac.o
LOAD Libraries\STM32F4xx_StdPeriph_Driver\src\stm32f4xx_dbgmcu.o
LOAD Libraries\STM32F4xx_StdPeriph_Driver\src\stm32f4xx_dcmi.o
LOAD Libraries\STM32F4xx_StdPeriph_Driver\src\stm32f4xx_dma.o
LOAD Libraries\STM32F4xx_StdPeriph_Driver\src\stm32f4xx_exti.o
LOAD Libraries\STM32F4xx_StdPeriph_Driver\src\stm32f4xx_flash.o
LOAD Libraries\STM32F4xx_StdPeriph_Driver\src\stm32f4xx_fsmc.o
LOAD Libraries\STM32F4xx_StdPeriph_Driver\src\stm32f4xx_gpio.o
LOAD Libraries\STM32F4xx_StdPeriph_Driver\src\stm32f4xx_hash.o
LOAD Libraries\STM32F4xx_StdPeriph_Driver\src\stm32f4xx_hash_md5.o
LOAD Libraries\STM32F4xx_StdPeriph_Driver\src\stm32f4xx_hash_sha1.o
LOAD Libraries\STM32F4xx_StdPeriph_Driver\src\stm32f4xx_i2c.o
LOAD Libraries\STM32F4xx_StdPeriph_Driver\src\stm32f4xx_iwdg.o
LOAD Libraries\STM32F4xx_StdPeriph_Driver\src\stm32f4xx_pwr.o
LOAD Libraries\STM32F4xx_StdPeriph_Driver\src\stm32f4xx_rcc.o
LOAD Libraries\STM32F4xx_StdPeriph_Driver\src\stm32f4xx_rng.o
LOAD Libraries\STM32F4xx_StdPeriph_Driver\src\stm32f4xx_rtc.o
LOAD Libraries\STM32F4xx_StdPeriph_Driver\src\stm32f4xx_sdio.o
LOAD Libraries\STM32F4xx_StdPeriph_Driver\src\stm32f4xx_spi.o
LOAD Libraries\STM32F4xx_StdPeriph_Driver\src\stm32f4xx_syscfg.o
LOAD Libraries\STM32F4xx_StdPeriph_Driver\src\stm32f4xx_tim.o
LOAD Libraries\STM32F4xx_StdPeriph_Driver\src\stm32f4xx_usart.o
LOAD Libraries\STM32F4xx_StdPeriph_Driver\src\stm32f4xx_wwdg.o
LOAD Libraries\STM32F4xx_StdPeriph_Driver\src\tm_stm32f4_adc.o
LOAD Libraries\STM32F4xx_StdPeriph_Driver\src\tm_stm32f4_dac.o
LOAD Libraries\STM32F4xx_StdPeriph_Driver\src\tm_stm32f4_dac_signal.o
LOAD Libraries\STM32F4xx_StdPeriph_Driver\src\tm_stm32f4_delay.o
LOAD Libraries\STM32F4xx_StdPeriph_Driver\src\tm_stm32f4_disco.o
LOAD Libraries\STM32F4xx_StdPeriph_Driver\src\tm_stm32f4_dma.o
LOAD Libraries\STM32F4xx_StdPeriph_Driver\src\tm_stm32f4_gpio.o
LOAD Libraries\STM32F4xx_StdPeriph_Driver\src\tm_stm32f4_timer_properties.o
LOAD Libraries\STM32F4xx_StdPeriph_Driver\src\tm_stm32f4_usb_vcp.o
LOAD Libraries\STM32F4xx_StdPeriph_Driver\src\usb_bsp.o
LOAD Libraries\STM32F4xx_StdPeriph_Driver\src\usb_core.o
LOAD Libraries\STM32F4xx_StdPeriph_Driver\src\usb_dcd.o
LOAD Libraries\STM32F4xx_StdPeriph_Driver\src\usb_dcd_int.o
LOAD Libraries\STM32F4xx_StdPeriph_Driver\src\usbd_cdc_core.o
LOAD Libraries\STM32F4xx_StdPeriph_Driver\src\usbd_cdc_vcp.o
LOAD Libraries\STM32F4xx_StdPeriph_Driver\src\usbd_core.o
LOAD Libraries\STM32F4xx_StdPeriph_Driver\src\usbd_desc.o
LOAD Libraries\STM32F4xx_StdPeriph_Driver\src\usbd_ioreq.o
LOAD Libraries\STM32F4xx_StdPeriph_Driver\src\usbd_req.o
LOAD Libraries\STM32F4xx_StdPeriph_Driver\src\usbd_usr.o
LOAD Utilities\STM32F4-Discovery\stm32f4_discovery.o
LOAD Utilities\STM32F4-Discovery\stm32f4_discovery_lis302dl.o
LOAD src\main.o
LOAD src\startup_stm32f40xx.o
LOAD src\stm32f4xx_it.o
LOAD src\system_stm32f4xx.o
LOAD src\tiny_printf.o
                0x00000080                malloc_getpagesize_P = 0x80
START GROUP
LOAD c:/program files (x86)/atollic/truestudio for stm32 9.0.1/armtools/bin/../lib/gcc/arm-atollic-eabi/6.3.1/../../../../arm-atollic-eabi/lib/armv7e-m/fpu\libc_nano.a
LOAD c:/program files (x86)/atollic/truestudio for stm32 9.0.1/armtools/bin/../lib/gcc/arm-atollic-eabi/6.3.1/../../../../arm-atollic-eabi/lib/armv7e-m/fpu\libm.a
END GROUP
START GROUP
LOAD c:/program files (x86)/atollic/truestudio for stm32 9.0.1/armtools/bin/../lib/gcc/arm-atollic-eabi/6.3.1/armv7e-m/fpu\libgcc.a
LOAD c:/program files (x86)/atollic/truestudio for stm32 9.0.1/armtools/bin/../lib/gcc/arm-atollic-eabi/6.3.1/../../../../arm-atollic-eabi/lib/armv7e-m/fpu\libc_nano.a
END GROUP
START GROUP
LOAD c:/program files (x86)/atollic/truestudio for stm32 9.0.1/armtools/bin/../lib/gcc/arm-atollic-eabi/6.3.1/armv7e-m/fpu\libgcc.a
LOAD c:/program files (x86)/atollic/truestudio for stm32 9.0.1/armtools/bin/../lib/gcc/arm-atollic-eabi/6.3.1/../../../../arm-atollic-eabi/lib/armv7e-m/fpu\libc_nano.a
LOAD c:/program files (x86)/atollic/truestudio for stm32 9.0.1/armtools/bin/../lib/gcc/arm-atollic-eabi/6.3.1/../../../../arm-atollic-eabi/lib/armv7e-m/fpu\libnosys.a
END GROUP
START GROUP
LOAD c:/program files (x86)/atollic/truestudio for stm32 9.0.1/armtools/bin/../lib/gcc/arm-atollic-eabi/6.3.1/armv7e-m/fpu\libgcc.a
LOAD c:/program files (x86)/atollic/truestudio for stm32 9.0.1/armtools/bin/../lib/gcc/arm-atollic-eabi/6.3.1/../../../../arm-atollic-eabi/lib/armv7e-m/fpu\libc_nano.a
LOAD c:/program files (x86)/atollic/truestudio for stm32 9.0.1/armtools/bin/../lib/gcc/arm-atollic-eabi/6.3.1/../../../../arm-atollic-eabi/lib/armv7e-m/fpu\libnosys.a
END GROUP
LOAD c:/program files (x86)/atollic/truestudio for stm32 9.0.1/armtools/bin/../lib/gcc/arm-atollic-eabi/6.3.1/armv7e-m/fpu/crtend.o
LOAD c:/program files (x86)/atollic/truestudio for stm32 9.0.1/armtools/bin/../lib/gcc/arm-atollic-eabi/6.3.1/armv7e-m/fpu/crtn.o
                0x20020000                _estack = 0x20020000
                0x00000000                _Min_Heap_Size = 0x0
                0x00000400                _Min_Stack_Size = 0x400

.isr_vector     0x08000000      0x188
                0x08000000                . = ALIGN (0x4)
 *(.isr_vector)
 .isr_vector    0x08000000      0x188 src\startup_stm32f40xx.o
                0x08000000                g_pfnVectors
                0x08000188                . = ALIGN (0x4)

.text           0x08000188     0x636c
                0x08000188                . = ALIGN (0x4)
 *(.text)
 .text          0x08000188       0x40 c:/program files (x86)/atollic/truestudio for stm32 9.0.1/armtools/bin/../lib/gcc/arm-atollic-eabi/6.3.1/armv7e-m/fpu/crtbegin.o
 .text          0x080001c8      0x370 c:/program files (x86)/atollic/truestudio for stm32 9.0.1/armtools/bin/../lib/gcc/arm-atollic-eabi/6.3.1/armv7e-m/fpu\libgcc.a(_arm_addsubdf3.o)
                0x080001c8                __aeabi_drsub
                0x080001d0                __aeabi_dsub
                0x080001d0                __subdf3
                0x080001d4                __aeabi_dadd
                0x080001d4                __adddf3
                0x0800044c                __floatunsidf
                0x0800044c                __aeabi_ui2d
                0x0800046c                __floatsidf
                0x0800046c                __aeabi_i2d
                0x08000490                __aeabi_f2d
                0x08000490                __extendsfdf2
                0x080004cc                __floatundidf
                0x080004cc                __aeabi_ul2d
                0x080004dc                __floatdidf
                0x080004dc                __aeabi_l2d
 .text          0x08000538      0x424 c:/program files (x86)/atollic/truestudio for stm32 9.0.1/armtools/bin/../lib/gcc/arm-atollic-eabi/6.3.1/armv7e-m/fpu\libgcc.a(_arm_muldivdf3.o)
                0x08000538                __aeabi_dmul
                0x08000538                __muldf3
                0x0800078c                __divdf3
                0x0800078c                __aeabi_ddiv
 .text          0x0800095c      0x110 c:/program files (x86)/atollic/truestudio for stm32 9.0.1/armtools/bin/../lib/gcc/arm-atollic-eabi/6.3.1/armv7e-m/fpu\libgcc.a(_arm_cmpdf2.o)
                0x0800095c                __gtdf2
                0x0800095c                __gedf2
                0x08000964                __ltdf2
                0x08000964                __ledf2
                0x0800096c                __nedf2
                0x0800096c                __eqdf2
                0x0800096c                __cmpdf2
                0x080009e8                __aeabi_cdrcmple
                0x080009f8                __aeabi_cdcmpeq
                0x080009f8                __aeabi_cdcmple
                0x08000a08                __aeabi_dcmpeq
                0x08000a1c                __aeabi_dcmplt
                0x08000a30                __aeabi_dcmple
                0x08000a44                __aeabi_dcmpge
                0x08000a58                __aeabi_dcmpgt
 .text          0x08000a6c       0x40 c:/program files (x86)/atollic/truestudio for stm32 9.0.1/armtools/bin/../lib/gcc/arm-atollic-eabi/6.3.1/armv7e-m/fpu\libgcc.a(_arm_fixunsdfsi.o)
                0x08000a6c                __aeabi_d2uiz
                0x08000a6c                __fixunsdfsi
 *(.text*)
 .text.NVIC_PriorityGroupConfig
                0x08000aac       0x28 Libraries\STM32F4xx_StdPeriph_Driver\src\misc.o
                0x08000aac                NVIC_PriorityGroupConfig
 .text.NVIC_Init
                0x08000ad4       0xc4 Libraries\STM32F4xx_StdPeriph_Driver\src\misc.o
                0x08000ad4                NVIC_Init
 .text.ADC_Init
                0x08000b98       0xac Libraries\STM32F4xx_StdPeriph_Driver\src\stm32f4xx_adc.o
                0x08000b98                ADC_Init
 .text.ADC_CommonInit
                0x08000c44       0x50 Libraries\STM32F4xx_StdPeriph_Driver\src\stm32f4xx_adc.o
                0x08000c44                ADC_CommonInit
 .text.ADC_Cmd  0x08000c94       0x38 Libraries\STM32F4xx_StdPeriph_Driver\src\stm32f4xx_adc.o
                0x08000c94                ADC_Cmd
 .text.ADC_RegularChannelConfig
                0x08000ccc      0x194 Libraries\STM32F4xx_StdPeriph_Driver\src\stm32f4xx_adc.o
                0x08000ccc                ADC_RegularChannelConfig
 .text.ADC_SoftwareStartConv
                0x08000e60       0x20 Libraries\STM32F4xx_StdPeriph_Driver\src\stm32f4xx_adc.o
                0x08000e60                ADC_SoftwareStartConv
 .text.ADC_GetConversionValue
                0x08000e80       0x1a Libraries\STM32F4xx_StdPeriph_Driver\src\stm32f4xx_adc.o
                0x08000e80                ADC_GetConversionValue
 .text.ADC_ITConfig
                0x08000e9a       0x52 Libraries\STM32F4xx_StdPeriph_Driver\src\stm32f4xx_adc.o
                0x08000e9a                ADC_ITConfig
 .text.ADC_ClearITPendingBit
                0x08000eec       0x2c Libraries\STM32F4xx_StdPeriph_Driver\src\stm32f4xx_adc.o
                0x08000eec                ADC_ClearITPendingBit
 .text.DAC_DeInit
                0x08000f18       0x1c Libraries\STM32F4xx_StdPeriph_Driver\src\stm32f4xx_dac.o
                0x08000f18                DAC_DeInit
 .text.DAC_Init
                0x08000f34       0x68 Libraries\STM32F4xx_StdPeriph_Driver\src\stm32f4xx_dac.o
                0x08000f34                DAC_Init
 .text.DAC_Cmd  0x08000f9c       0x4c Libraries\STM32F4xx_StdPeriph_Driver\src\stm32f4xx_dac.o
                0x08000f9c                DAC_Cmd
 .text.DAC_DMACmd
                0x08000fe8       0x50 Libraries\STM32F4xx_StdPeriph_Driver\src\stm32f4xx_dac.o
                0x08000fe8                DAC_DMACmd
 .text.DMA_DeInit
                0x08001038      0x1a8 Libraries\STM32F4xx_StdPeriph_Driver\src\stm32f4xx_dma.o
                0x08001038                DMA_DeInit
 .text.DMA_Init
                0x080011e0       0xb0 Libraries\STM32F4xx_StdPeriph_Driver\src\stm32f4xx_dma.o
                0x080011e0                DMA_Init
 .text.DMA_Cmd  0x08001290       0x38 Libraries\STM32F4xx_StdPeriph_Driver\src\stm32f4xx_dma.o
                0x08001290                DMA_Cmd
 .text.EXTI_ClearITPendingBit
                0x080012c8       0x20 Libraries\STM32F4xx_StdPeriph_Driver\src\stm32f4xx_exti.o
                0x080012c8                EXTI_ClearITPendingBit
 .text.GPIO_Init
                0x080012e8      0x11c Libraries\STM32F4xx_StdPeriph_Driver\src\stm32f4xx_gpio.o
                0x080012e8                GPIO_Init
 .text.GPIO_PinAFConfig
                0x08001404       0x92 Libraries\STM32F4xx_StdPeriph_Driver\src\stm32f4xx_gpio.o
                0x08001404                GPIO_PinAFConfig
 *fill*         0x08001496        0x2 
 .text.RCC_GetClocksFreq
                0x08001498      0x150 Libraries\STM32F4xx_StdPeriph_Driver\src\stm32f4xx_rcc.o
                0x08001498                RCC_GetClocksFreq
 .text.RCC_AHB1PeriphClockCmd
                0x080015e8       0x40 Libraries\STM32F4xx_StdPeriph_Driver\src\stm32f4xx_rcc.o
                0x080015e8                RCC_AHB1PeriphClockCmd
 .text.RCC_AHB2PeriphClockCmd
                0x08001628       0x40 Libraries\STM32F4xx_StdPeriph_Driver\src\stm32f4xx_rcc.o
                0x08001628                RCC_AHB2PeriphClockCmd
 .text.RCC_APB2PeriphClockCmd
                0x08001668       0x40 Libraries\STM32F4xx_StdPeriph_Driver\src\stm32f4xx_rcc.o
                0x08001668                RCC_APB2PeriphClockCmd
 .text.RCC_APB1PeriphResetCmd
                0x080016a8       0x40 Libraries\STM32F4xx_StdPeriph_Driver\src\stm32f4xx_rcc.o
                0x080016a8                RCC_APB1PeriphResetCmd
 .text.TIM_TimeBaseInit
                0x080016e8       0xd8 Libraries\STM32F4xx_StdPeriph_Driver\src\stm32f4xx_tim.o
                0x080016e8                TIM_TimeBaseInit
 .text.TIM_TimeBaseStructInit
                0x080017c0       0x34 Libraries\STM32F4xx_StdPeriph_Driver\src\stm32f4xx_tim.o
                0x080017c0                TIM_TimeBaseStructInit
 .text.TIM_SelectOutputTrigger
                0x080017f4       0x38 Libraries\STM32F4xx_StdPeriph_Driver\src\stm32f4xx_tim.o
                0x080017f4                TIM_SelectOutputTrigger
 .text.TM_DAC_SIGNAL_Init
                0x0800182c       0xa4 Libraries\STM32F4xx_StdPeriph_Driver\src\tm_stm32f4_dac_signal.o
                0x0800182c                TM_DAC_SIGNAL_Init
 .text.TM_DAC_SIGNAL_SetSignal
                0x080018d0       0x68 Libraries\STM32F4xx_StdPeriph_Driver\src\tm_stm32f4_dac_signal.o
                0x080018d0                TM_DAC_SIGNAL_SetSignal
 .text.TM_DAC_SIGNAL_SetCustomSignal
                0x08001938      0x278 Libraries\STM32F4xx_StdPeriph_Driver\src\tm_stm32f4_dac_signal.o
                0x08001938                TM_DAC_SIGNAL_SetCustomSignal
 .text.SysTick_Handler
                0x08001bb0       0xf0 Libraries\STM32F4xx_StdPeriph_Driver\src\tm_stm32f4_delay.o
                0x08001bb0                SysTick_Handler
 .text.TM_DISCO_LedInit
                0x08001ca0       0x30 Libraries\STM32F4xx_StdPeriph_Driver\src\tm_stm32f4_disco.o
                0x08001ca0                TM_DISCO_LedInit
 .text.TM_DMA_ClearFlag
                0x08001cd0       0x8c Libraries\STM32F4xx_StdPeriph_Driver\src\tm_stm32f4_dma.o
                0x08001cd0                TM_DMA_ClearFlag
 .text.TM_DMA_GetFlags
                0x08001d5c       0xa4 Libraries\STM32F4xx_StdPeriph_Driver\src\tm_stm32f4_dma.o
                0x08001d5c                TM_DMA_GetFlags
 .text.TM_DMA_EnableInterrupts
                0x08001e00       0xa8 Libraries\STM32F4xx_StdPeriph_Driver\src\tm_stm32f4_dma.o
                0x08001e00                TM_DMA_EnableInterrupts
 .text.TM_DMA_HalfTransferCompleteHandler
                0x08001ea8       0x14 Libraries\STM32F4xx_StdPeriph_Driver\src\tm_stm32f4_dma.o
                0x08001ea8                TM_DMA_HalfTransferCompleteHandler
 .text.TM_DMA_TransferErrorHandler
                0x08001ebc       0x14 Libraries\STM32F4xx_StdPeriph_Driver\src\tm_stm32f4_dma.o
                0x08001ebc                TM_DMA_TransferErrorHandler
 .text.TM_DMA_DirectModeErrorHandler
                0x08001ed0       0x14 Libraries\STM32F4xx_StdPeriph_Driver\src\tm_stm32f4_dma.o
                0x08001ed0                TM_DMA_DirectModeErrorHandler
 .text.TM_DMA_FIFOErrorHandler
                0x08001ee4       0x14 Libraries\STM32F4xx_StdPeriph_Driver\src\tm_stm32f4_dma.o
                0x08001ee4                TM_DMA_FIFOErrorHandler
 .text.TM_DMA_INT_ProcessInterrupt
                0x08001ef8       0xb0 Libraries\STM32F4xx_StdPeriph_Driver\src\tm_stm32f4_dma.o
 .text.DMA1_Stream0_IRQHandler
                0x08001fa8       0x14 Libraries\STM32F4xx_StdPeriph_Driver\src\tm_stm32f4_dma.o
                0x08001fa8                DMA1_Stream0_IRQHandler
 .text.DMA1_Stream1_IRQHandler
                0x08001fbc       0x14 Libraries\STM32F4xx_StdPeriph_Driver\src\tm_stm32f4_dma.o
                0x08001fbc                DMA1_Stream1_IRQHandler
 .text.DMA1_Stream2_IRQHandler
                0x08001fd0       0x14 Libraries\STM32F4xx_StdPeriph_Driver\src\tm_stm32f4_dma.o
                0x08001fd0                DMA1_Stream2_IRQHandler
 .text.DMA1_Stream3_IRQHandler
                0x08001fe4       0x14 Libraries\STM32F4xx_StdPeriph_Driver\src\tm_stm32f4_dma.o
                0x08001fe4                DMA1_Stream3_IRQHandler
 .text.DMA1_Stream4_IRQHandler
                0x08001ff8       0x14 Libraries\STM32F4xx_StdPeriph_Driver\src\tm_stm32f4_dma.o
                0x08001ff8                DMA1_Stream4_IRQHandler
 .text.DMA1_Stream5_IRQHandler
                0x0800200c       0x14 Libraries\STM32F4xx_StdPeriph_Driver\src\tm_stm32f4_dma.o
                0x0800200c                DMA1_Stream5_IRQHandler
 .text.DMA1_Stream6_IRQHandler
                0x08002020       0x14 Libraries\STM32F4xx_StdPeriph_Driver\src\tm_stm32f4_dma.o
                0x08002020                DMA1_Stream6_IRQHandler
 .text.DMA1_Stream7_IRQHandler
                0x08002034       0x14 Libraries\STM32F4xx_StdPeriph_Driver\src\tm_stm32f4_dma.o
                0x08002034                DMA1_Stream7_IRQHandler
 .text.DMA2_Stream0_IRQHandler
                0x08002048       0x14 Libraries\STM32F4xx_StdPeriph_Driver\src\tm_stm32f4_dma.o
                0x08002048                DMA2_Stream0_IRQHandler
 .text.DMA2_Stream1_IRQHandler
                0x0800205c       0x14 Libraries\STM32F4xx_StdPeriph_Driver\src\tm_stm32f4_dma.o
                0x0800205c                DMA2_Stream1_IRQHandler
 .text.DMA2_Stream2_IRQHandler
                0x08002070       0x14 Libraries\STM32F4xx_StdPeriph_Driver\src\tm_stm32f4_dma.o
                0x08002070                DMA2_Stream2_IRQHandler
 .text.DMA2_Stream3_IRQHandler
                0x08002084       0x14 Libraries\STM32F4xx_StdPeriph_Driver\src\tm_stm32f4_dma.o
                0x08002084                DMA2_Stream3_IRQHandler
 .text.DMA2_Stream4_IRQHandler
                0x08002098       0x14 Libraries\STM32F4xx_StdPeriph_Driver\src\tm_stm32f4_dma.o
                0x08002098                DMA2_Stream4_IRQHandler
 .text.DMA2_Stream5_IRQHandler
                0x080020ac       0x14 Libraries\STM32F4xx_StdPeriph_Driver\src\tm_stm32f4_dma.o
                0x080020ac                DMA2_Stream5_IRQHandler
 .text.DMA2_Stream6_IRQHandler
                0x080020c0       0x14 Libraries\STM32F4xx_StdPeriph_Driver\src\tm_stm32f4_dma.o
                0x080020c0                DMA2_Stream6_IRQHandler
 .text.DMA2_Stream7_IRQHandler
                0x080020d4       0x14 Libraries\STM32F4xx_StdPeriph_Driver\src\tm_stm32f4_dma.o
                0x080020d4                DMA2_Stream7_IRQHandler
 .text.TM_GPIO_Init
                0x080020e8       0x46 Libraries\STM32F4xx_StdPeriph_Driver\src\tm_stm32f4_gpio.o
                0x080020e8                TM_GPIO_Init
 .text.TM_GPIO_GetPortSource
                0x0800212e       0x22 Libraries\STM32F4xx_StdPeriph_Driver\src\tm_stm32f4_gpio.o
                0x0800212e                TM_GPIO_GetPortSource
 .text.TM_GPIO_INT_EnableClock
                0x08002150       0x30 Libraries\STM32F4xx_StdPeriph_Driver\src\tm_stm32f4_gpio.o
                0x08002150                TM_GPIO_INT_EnableClock
 .text.TM_GPIO_INT_Init
                0x08002180      0x10c Libraries\STM32F4xx_StdPeriph_Driver\src\tm_stm32f4_gpio.o
                0x08002180                TM_GPIO_INT_Init
 .text.TM_TIMER_PROPERTIES_GetTimerProperties
                0x0800228c      0x100 Libraries\STM32F4xx_StdPeriph_Driver\src\tm_stm32f4_timer_properties.o
                0x0800228c                TM_TIMER_PROPERTIES_GetTimerProperties
 .text.TM_TIMER_PROPERTIES_GenerateDataForWorkingFrequency
                0x0800238c      0x116 Libraries\STM32F4xx_StdPeriph_Driver\src\tm_stm32f4_timer_properties.o
                0x0800238c                TM_TIMER_PROPERTIES_GenerateDataForWorkingFrequency
 *fill*         0x080024a2        0x2 
 .text.TM_TIMER_PROPERTIES_EnableClock
                0x080024a4      0x168 Libraries\STM32F4xx_StdPeriph_Driver\src\tm_stm32f4_timer_properties.o
                0x080024a4                TM_TIMER_PROPERTIES_EnableClock
 .text.TM_USB_VCP_Init
                0x0800260c       0x58 Libraries\STM32F4xx_StdPeriph_Driver\src\tm_stm32f4_usb_vcp.o
                0x0800260c                TM_USB_VCP_Init
 .text.TM_USB_VCP_Getc
                0x08002664       0x6c Libraries\STM32F4xx_StdPeriph_Driver\src\tm_stm32f4_usb_vcp.o
                0x08002664                TM_USB_VCP_Getc
 .text.TM_USB_VCP_Putc
                0x080026d0       0x26 Libraries\STM32F4xx_StdPeriph_Driver\src\tm_stm32f4_usb_vcp.o
                0x080026d0                TM_USB_VCP_Putc
 .text.TM_USB_VCP_Puts
                0x080026f6       0x2a Libraries\STM32F4xx_StdPeriph_Driver\src\tm_stm32f4_usb_vcp.o
                0x080026f6                TM_USB_VCP_Puts
 .text.TM_USB_VCP_Send
                0x08002720       0x1c Libraries\STM32F4xx_StdPeriph_Driver\src\tm_stm32f4_usb_vcp.o
                0x08002720                TM_USB_VCP_Send
 .text.TM_INT_USB_VCP_AddReceived
                0x0800273c       0x5c Libraries\STM32F4xx_StdPeriph_Driver\src\tm_stm32f4_usb_vcp.o
                0x0800273c                TM_INT_USB_VCP_AddReceived
 .text.USB_OTG_BSP_Init
                0x08002798       0xb0 Libraries\STM32F4xx_StdPeriph_Driver\src\usb_bsp.o
                0x08002798                USB_OTG_BSP_Init
 .text.USB_OTG_BSP_EnableInterrupt
                0x08002848       0x32 Libraries\STM32F4xx_StdPeriph_Driver\src\usb_bsp.o
                0x08002848                USB_OTG_BSP_EnableInterrupt
 *fill*         0x0800287a        0x2 
 .text.USB_OTG_BSP_uDelay
                0x0800287c       0x48 Libraries\STM32F4xx_StdPeriph_Driver\src\usb_bsp.o
                0x0800287c                USB_OTG_BSP_uDelay
 .text.USB_OTG_BSP_mDelay
                0x080028c4       0x20 Libraries\STM32F4xx_StdPeriph_Driver\src\usb_bsp.o
                0x080028c4                USB_OTG_BSP_mDelay
 .text.OTG_FS_WKUP_IRQHandler
                0x080028e4       0x10 Libraries\STM32F4xx_StdPeriph_Driver\src\usb_bsp.o
                0x080028e4                OTG_FS_WKUP_IRQHandler
 .text.OTG_FS_IRQHandler
                0x080028f4       0x14 Libraries\STM32F4xx_StdPeriph_Driver\src\usb_bsp.o
                0x080028f4                OTG_FS_IRQHandler
 .text.USB_OTG_EnableCommonInt
                0x08002908       0x44 Libraries\STM32F4xx_StdPeriph_Driver\src\usb_core.o
 .text.USB_OTG_CoreReset
                0x0800294c       0x90 Libraries\STM32F4xx_StdPeriph_Driver\src\usb_core.o
 .text.USB_OTG_WritePacket
                0x080029dc       0x76 Libraries\STM32F4xx_StdPeriph_Driver\src\usb_core.o
                0x080029dc                USB_OTG_WritePacket
 .text.USB_OTG_ReadPacket
                0x08002a52       0x58 Libraries\STM32F4xx_StdPeriph_Driver\src\usb_core.o
                0x08002a52                USB_OTG_ReadPacket
 *fill*         0x08002aaa        0x2 
 .text.USB_OTG_SelectCore
                0x08002aac      0x174 Libraries\STM32F4xx_StdPeriph_Driver\src\usb_core.o
                0x08002aac                USB_OTG_SelectCore
 .text.USB_OTG_CoreInit
                0x08002c20      0x13a Libraries\STM32F4xx_StdPeriph_Driver\src\usb_core.o
                0x08002c20                USB_OTG_CoreInit
 .text.USB_OTG_EnableGlobalInt
                0x08002d5a       0x36 Libraries\STM32F4xx_StdPeriph_Driver\src\usb_core.o
                0x08002d5a                USB_OTG_EnableGlobalInt
 .text.USB_OTG_DisableGlobalInt
                0x08002d90       0x38 Libraries\STM32F4xx_StdPeriph_Driver\src\usb_core.o
                0x08002d90                USB_OTG_DisableGlobalInt
 .text.USB_OTG_FlushTxFifo
                0x08002dc8       0x74 Libraries\STM32F4xx_StdPeriph_Driver\src\usb_core.o
                0x08002dc8                USB_OTG_FlushTxFifo
 .text.USB_OTG_FlushRxFifo
                0x08002e3c       0x60 Libraries\STM32F4xx_StdPeriph_Driver\src\usb_core.o
                0x08002e3c                USB_OTG_FlushRxFifo
 .text.USB_OTG_SetCurrentMode
                0x08002e9c       0x5e Libraries\STM32F4xx_StdPeriph_Driver\src\usb_core.o
                0x08002e9c                USB_OTG_SetCurrentMode
 .text.USB_OTG_GetMode
                0x08002efa       0x1e Libraries\STM32F4xx_StdPeriph_Driver\src\usb_core.o
                0x08002efa                USB_OTG_GetMode
 .text.USB_OTG_IsDeviceMode
                0x08002f18       0x22 Libraries\STM32F4xx_StdPeriph_Driver\src\usb_core.o
                0x08002f18                USB_OTG_IsDeviceMode
 .text.USB_OTG_ReadCoreItr
                0x08002f3a       0x2e Libraries\STM32F4xx_StdPeriph_Driver\src\usb_core.o
                0x08002f3a                USB_OTG_ReadCoreItr
 .text.USB_OTG_InitDevSpeed
                0x08002f68       0x38 Libraries\STM32F4xx_StdPeriph_Driver\src\usb_core.o
                0x08002f68                USB_OTG_InitDevSpeed
 .text.USB_OTG_CoreInitDev
                0x08002fa0      0x262 Libraries\STM32F4xx_StdPeriph_Driver\src\usb_core.o
                0x08002fa0                USB_OTG_CoreInitDev
 .text.USB_OTG_EnableDevInt
                0x08003202       0x98 Libraries\STM32F4xx_StdPeriph_Driver\src\usb_core.o
                0x08003202                USB_OTG_EnableDevInt
 .text.USB_OTG_GetDeviceSpeed
                0x0800329a       0x48 Libraries\STM32F4xx_StdPeriph_Driver\src\usb_core.o
                0x0800329a                USB_OTG_GetDeviceSpeed
 .text.USB_OTG_EP0Activate
                0x080032e2       0x76 Libraries\STM32F4xx_StdPeriph_Driver\src\usb_core.o
                0x080032e2                USB_OTG_EP0Activate
 .text.USB_OTG_EPActivate
                0x08003358       0xdc Libraries\STM32F4xx_StdPeriph_Driver\src\usb_core.o
                0x08003358                USB_OTG_EPActivate
 .text.USB_OTG_EPDeactivate
                0x08003434       0x8a Libraries\STM32F4xx_StdPeriph_Driver\src\usb_core.o
                0x08003434                USB_OTG_EPDeactivate
 .text.USB_OTG_EPStartXfer
                0x080034be      0x280 Libraries\STM32F4xx_StdPeriph_Driver\src\usb_core.o
                0x080034be                USB_OTG_EPStartXfer
 .text.USB_OTG_EP0StartXfer
                0x0800373e      0x1d4 Libraries\STM32F4xx_StdPeriph_Driver\src\usb_core.o
                0x0800373e                USB_OTG_EP0StartXfer
 .text.USB_OTG_EPSetStall
                0x08003912       0x86 Libraries\STM32F4xx_StdPeriph_Driver\src\usb_core.o
                0x08003912                USB_OTG_EPSetStall
 .text.USB_OTG_EPClearStall
                0x08003998       0x76 Libraries\STM32F4xx_StdPeriph_Driver\src\usb_core.o
                0x08003998                USB_OTG_EPClearStall
 .text.USB_OTG_ReadDevAllOutEp_itr
                0x08003a0e       0x2c Libraries\STM32F4xx_StdPeriph_Driver\src\usb_core.o
                0x08003a0e                USB_OTG_ReadDevAllOutEp_itr
 .text.USB_OTG_ReadDevOutEP_itr
                0x08003a3a       0x36 Libraries\STM32F4xx_StdPeriph_Driver\src\usb_core.o
                0x08003a3a                USB_OTG_ReadDevOutEP_itr
 .text.USB_OTG_ReadDevAllInEPItr
                0x08003a70       0x2c Libraries\STM32F4xx_StdPeriph_Driver\src\usb_core.o
                0x08003a70                USB_OTG_ReadDevAllInEPItr
 .text.USB_OTG_EP0_OutStart
                0x08003a9c       0x72 Libraries\STM32F4xx_StdPeriph_Driver\src\usb_core.o
                0x08003a9c                USB_OTG_EP0_OutStart
 .text.DCD_Init
                0x08003b0e      0x106 Libraries\STM32F4xx_StdPeriph_Driver\src\usb_dcd.o
                0x08003b0e                DCD_Init
 .text.DCD_EP_Open
                0x08003c14       0xb0 Libraries\STM32F4xx_StdPeriph_Driver\src\usb_dcd.o
                0x08003c14                DCD_EP_Open
 .text.DCD_EP_Close
                0x08003cc4       0x78 Libraries\STM32F4xx_StdPeriph_Driver\src\usb_dcd.o
                0x08003cc4                DCD_EP_Close
 .text.DCD_EP_PrepareRx
                0x08003d3c       0x84 Libraries\STM32F4xx_StdPeriph_Driver\src\usb_dcd.o
                0x08003d3c                DCD_EP_PrepareRx
 .text.DCD_EP_Tx
                0x08003dc0       0x78 Libraries\STM32F4xx_StdPeriph_Driver\src\usb_dcd.o
                0x08003dc0                DCD_EP_Tx
 .text.DCD_EP_Stall
                0x08003e38       0x7a Libraries\STM32F4xx_StdPeriph_Driver\src\usb_dcd.o
                0x08003e38                DCD_EP_Stall
 .text.DCD_EP_ClrStall
                0x08003eb2       0x7a Libraries\STM32F4xx_StdPeriph_Driver\src\usb_dcd.o
                0x08003eb2                DCD_EP_ClrStall
 .text.DCD_EP_SetAddress
                0x08003f2c       0x3c Libraries\STM32F4xx_StdPeriph_Driver\src\usb_dcd.o
                0x08003f2c                DCD_EP_SetAddress
 .text.USBD_OTG_ISR_Handler
                0x08003f68      0x15c Libraries\STM32F4xx_StdPeriph_Driver\src\usb_dcd_int.o
                0x08003f68                USBD_OTG_ISR_Handler
 .text.DCD_HandleResume_ISR
                0x080040c4       0x80 Libraries\STM32F4xx_StdPeriph_Driver\src\usb_dcd_int.o
 .text.DCD_HandleUSBSuspend_ISR
                0x08004144       0xbc Libraries\STM32F4xx_StdPeriph_Driver\src\usb_dcd_int.o
 .text.DCD_HandleInEP_ISR
                0x08004200      0x19c Libraries\STM32F4xx_StdPeriph_Driver\src\usb_dcd_int.o
 .text.DCD_HandleOutEP_ISR
                0x0800439c      0x150 Libraries\STM32F4xx_StdPeriph_Driver\src\usb_dcd_int.o
 .text.DCD_HandleSof_ISR
                0x080044ec       0x34 Libraries\STM32F4xx_StdPeriph_Driver\src\usb_dcd_int.o
 .text.DCD_HandleRxStatusQueueLevel_ISR
                0x08004520      0x104 Libraries\STM32F4xx_StdPeriph_Driver\src\usb_dcd_int.o
 .text.DCD_WriteEmptyTxFifo
                0x08004624       0xe4 Libraries\STM32F4xx_StdPeriph_Driver\src\usb_dcd_int.o
 .text.DCD_HandleUsbReset_ISR
                0x08004708      0x120 Libraries\STM32F4xx_StdPeriph_Driver\src\usb_dcd_int.o
 .text.DCD_HandleEnumDone_ISR
                0x08004828       0x78 Libraries\STM32F4xx_StdPeriph_Driver\src\usb_dcd_int.o
 .text.DCD_IsoINIncomplete_ISR
                0x080048a0       0x34 Libraries\STM32F4xx_StdPeriph_Driver\src\usb_dcd_int.o
 .text.DCD_IsoOUTIncomplete_ISR
                0x080048d4       0x34 Libraries\STM32F4xx_StdPeriph_Driver\src\usb_dcd_int.o
 .text.DCD_ReadDevInEP
                0x08004908       0x50 Libraries\STM32F4xx_StdPeriph_Driver\src\usb_dcd_int.o
 .text.usbd_cdc_Init
                0x08004958       0x6c Libraries\STM32F4xx_StdPeriph_Driver\src\usbd_cdc_core.o
 .text.usbd_cdc_DeInit
                0x080049c4       0x38 Libraries\STM32F4xx_StdPeriph_Driver\src\usbd_cdc_core.o
 .text.usbd_cdc_Setup
                0x080049fc      0x128 Libraries\STM32F4xx_StdPeriph_Driver\src\usbd_cdc_core.o
 .text.usbd_cdc_EP0_RxReady
                0x08004b24       0x40 Libraries\STM32F4xx_StdPeriph_Driver\src\usbd_cdc_core.o
 .text.usbd_cdc_DataIn
                0x08004b64       0x98 Libraries\STM32F4xx_StdPeriph_Driver\src\usbd_cdc_core.o
 .text.usbd_cdc_DataOut
                0x08004bfc       0x4c Libraries\STM32F4xx_StdPeriph_Driver\src\usbd_cdc_core.o
 .text.usbd_cdc_SOF
                0x08004c48       0x30 Libraries\STM32F4xx_StdPeriph_Driver\src\usbd_cdc_core.o
 .text.Handle_USBAsynchXfer
                0x08004c78       0xd4 Libraries\STM32F4xx_StdPeriph_Driver\src\usbd_cdc_core.o
 .text.USBD_cdc_GetCfgDesc
                0x08004d4c       0x24 Libraries\STM32F4xx_StdPeriph_Driver\src\usbd_cdc_core.o
 .text.VCP_Init
                0x08004d70       0x10 Libraries\STM32F4xx_StdPeriph_Driver\src\usbd_cdc_vcp.o
 .text.VCP_DeInit
                0x08004d80       0x10 Libraries\STM32F4xx_StdPeriph_Driver\src\usbd_cdc_vcp.o
 .text.VCP_Ctrl
                0x08004d90      0x160 Libraries\STM32F4xx_StdPeriph_Driver\src\usbd_cdc_vcp.o
 .text.VCP_DataTx
                0x08004ef0       0x60 Libraries\STM32F4xx_StdPeriph_Driver\src\usbd_cdc_vcp.o
                0x08004ef0                VCP_DataTx
 .text.VCP_DataRx
                0x08004f50       0x36 Libraries\STM32F4xx_StdPeriph_Driver\src\usbd_cdc_vcp.o
                0x08004f50                VCP_DataRx
 .text.USBD_Init
                0x08004f86       0x56 Libraries\STM32F4xx_StdPeriph_Driver\src\usbd_core.o
                0x08004f86                USBD_Init
 .text.USBD_DeInit
                0x08004fdc       0x16 Libraries\STM32F4xx_StdPeriph_Driver\src\usbd_core.o
                0x08004fdc                USBD_DeInit
 .text.USBD_SetupStage
                0x08004ff2       0x6c Libraries\STM32F4xx_StdPeriph_Driver\src\usbd_core.o
 .text.USBD_DataOutStage
                0x0800505e       0xcc Libraries\STM32F4xx_StdPeriph_Driver\src\usbd_core.o
 .text.USBD_DataInStage
                0x0800512a      0x11a Libraries\STM32F4xx_StdPeriph_Driver\src\usbd_core.o
 .text.USBD_RunTestMode
                0x08005244       0x24 Libraries\STM32F4xx_StdPeriph_Driver\src\usbd_core.o
 .text.USBD_Reset
                0x08005268       0x42 Libraries\STM32F4xx_StdPeriph_Driver\src\usbd_core.o
 .text.USBD_Resume
                0x080052aa       0x30 Libraries\STM32F4xx_StdPeriph_Driver\src\usbd_core.o
 .text.USBD_Suspend
                0x080052da       0x30 Libraries\STM32F4xx_StdPeriph_Driver\src\usbd_core.o
 .text.USBD_SOF
                0x0800530a       0x2a Libraries\STM32F4xx_StdPeriph_Driver\src\usbd_core.o
 .text.USBD_SetCfg
                0x08005334       0x30 Libraries\STM32F4xx_StdPeriph_Driver\src\usbd_core.o
                0x08005334                USBD_SetCfg
 .text.USBD_ClrCfg
                0x08005364       0x26 Libraries\STM32F4xx_StdPeriph_Driver\src\usbd_core.o
                0x08005364                USBD_ClrCfg
 .text.USBD_IsoINIncomplete
                0x0800538a       0x1e Libraries\STM32F4xx_StdPeriph_Driver\src\usbd_core.o
 .text.USBD_IsoOUTIncomplete
                0x080053a8       0x1e Libraries\STM32F4xx_StdPeriph_Driver\src\usbd_core.o
 *fill*         0x080053c6        0x2 
 .text.USBD_USR_DeviceDescriptor
                0x080053c8       0x24 Libraries\STM32F4xx_StdPeriph_Driver\src\usbd_desc.o
                0x080053c8                USBD_USR_DeviceDescriptor
 .text.USBD_USR_LangIDStrDescriptor
                0x080053ec       0x24 Libraries\STM32F4xx_StdPeriph_Driver\src\usbd_desc.o
                0x080053ec                USBD_USR_LangIDStrDescriptor
 .text.USBD_USR_ProductStrDescriptor
                0x08005410       0x28 Libraries\STM32F4xx_StdPeriph_Driver\src\usbd_desc.o
                0x08005410                USBD_USR_ProductStrDescriptor
 .text.USBD_USR_ManufacturerStrDescriptor
                0x08005438       0x28 Libraries\STM32F4xx_StdPeriph_Driver\src\usbd_desc.o
                0x08005438                USBD_USR_ManufacturerStrDescriptor
 .text.USBD_USR_SerialStrDescriptor
                0x08005460       0x28 Libraries\STM32F4xx_StdPeriph_Driver\src\usbd_desc.o
                0x08005460                USBD_USR_SerialStrDescriptor
 .text.USBD_USR_ConfigStrDescriptor
                0x08005488       0x28 Libraries\STM32F4xx_StdPeriph_Driver\src\usbd_desc.o
                0x08005488                USBD_USR_ConfigStrDescriptor
 .text.USBD_USR_InterfaceStrDescriptor
                0x080054b0       0x28 Libraries\STM32F4xx_StdPeriph_Driver\src\usbd_desc.o
                0x080054b0                USBD_USR_InterfaceStrDescriptor
 .text.USBD_CtlSendData
                0x080054d8       0x40 Libraries\STM32F4xx_StdPeriph_Driver\src\usbd_ioreq.o
                0x080054d8                USBD_CtlSendData
 .text.USBD_CtlContinueSendData
                0x08005518       0x28 Libraries\STM32F4xx_StdPeriph_Driver\src\usbd_ioreq.o
                0x08005518                USBD_CtlContinueSendData
 .text.USBD_CtlPrepareRx
                0x08005540       0x40 Libraries\STM32F4xx_StdPeriph_Driver\src\usbd_ioreq.o
                0x08005540                USBD_CtlPrepareRx
 .text.USBD_CtlContinueRx
                0x08005580       0x28 Libraries\STM32F4xx_StdPeriph_Driver\src\usbd_ioreq.o
                0x08005580                USBD_CtlContinueRx
 .text.USBD_CtlSendStatus
                0x080055a8       0x30 Libraries\STM32F4xx_StdPeriph_Driver\src\usbd_ioreq.o
                0x080055a8                USBD_CtlSendStatus
 .text.USBD_CtlReceiveStatus
                0x080055d8       0x30 Libraries\STM32F4xx_StdPeriph_Driver\src\usbd_ioreq.o
                0x080055d8                USBD_CtlReceiveStatus
 .text.USBD_StdDevReq
                0x08005608       0xa0 Libraries\STM32F4xx_StdPeriph_Driver\src\usbd_req.o
                0x08005608                USBD_StdDevReq
 .text.USBD_StdItfReq
                0x080056a8       0x66 Libraries\STM32F4xx_StdPeriph_Driver\src\usbd_req.o
                0x080056a8                USBD_StdItfReq
 *fill*         0x0800570e        0x2 
 .text.USBD_StdEPReq
                0x08005710      0x1b0 Libraries\STM32F4xx_StdPeriph_Driver\src\usbd_req.o
                0x08005710                USBD_StdEPReq
 .text.USBD_GetDescriptor
                0x080058c0      0x1a8 Libraries\STM32F4xx_StdPeriph_Driver\src\usbd_req.o
 .text.USBD_SetAddress
                0x08005a68       0x7c Libraries\STM32F4xx_StdPeriph_Driver\src\usbd_req.o
 .text.USBD_SetConfig
                0x08005ae4       0xf4 Libraries\STM32F4xx_StdPeriph_Driver\src\usbd_req.o
 .text.USBD_GetConfig
                0x08005bd8       0x60 Libraries\STM32F4xx_StdPeriph_Driver\src\usbd_req.o
 .text.USBD_GetStatus
                0x08005c38       0x54 Libraries\STM32F4xx_StdPeriph_Driver\src\usbd_req.o
 .text.USBD_SetFeature
                0x08005c8c       0xd8 Libraries\STM32F4xx_StdPeriph_Driver\src\usbd_req.o
 .text.USBD_ClrFeature
                0x08005d64       0x50 Libraries\STM32F4xx_StdPeriph_Driver\src\usbd_req.o
 .text.USBD_ParseSetupRequest
                0x08005db4       0x92 Libraries\STM32F4xx_StdPeriph_Driver\src\usbd_req.o
                0x08005db4                USBD_ParseSetupRequest
 .text.USBD_CtlError
                0x08005e46       0x28 Libraries\STM32F4xx_StdPeriph_Driver\src\usbd_req.o
                0x08005e46                USBD_CtlError
 .text.USBD_GetString
                0x08005e6e       0x86 Libraries\STM32F4xx_StdPeriph_Driver\src\usbd_req.o
                0x08005e6e                USBD_GetString
 .text.USBD_GetLen
                0x08005ef4       0x30 Libraries\STM32F4xx_StdPeriph_Driver\src\usbd_req.o
 .text.USBD_USR_Init
                0x08005f24       0x18 Libraries\STM32F4xx_StdPeriph_Driver\src\usbd_usr.o
                0x08005f24                USBD_USR_Init
 .text.USBD_USR_DeviceReset
                0x08005f3c       0x20 Libraries\STM32F4xx_StdPeriph_Driver\src\usbd_usr.o
                0x08005f3c                USBD_USR_DeviceReset
 .text.USBD_USR_DeviceConfigured
                0x08005f5c       0x18 Libraries\STM32F4xx_StdPeriph_Driver\src\usbd_usr.o
                0x08005f5c                USBD_USR_DeviceConfigured
 .text.USBD_USR_DeviceSuspended
                0x08005f74       0x18 Libraries\STM32F4xx_StdPeriph_Driver\src\usbd_usr.o
                0x08005f74                USBD_USR_DeviceSuspended
 .text.USBD_USR_DeviceResumed
                0x08005f8c       0x18 Libraries\STM32F4xx_StdPeriph_Driver\src\usbd_usr.o
                0x08005f8c                USBD_USR_DeviceResumed
 .text.USBD_USR_DeviceConnected
                0x08005fa4       0x18 Libraries\STM32F4xx_StdPeriph_Driver\src\usbd_usr.o
                0x08005fa4                USBD_USR_DeviceConnected
 .text.USBD_USR_DeviceDisconnected
                0x08005fbc       0x18 Libraries\STM32F4xx_StdPeriph_Driver\src\usbd_usr.o
                0x08005fbc                USBD_USR_DeviceDisconnected
 *fill*         0x08005fd4        0x4 
 .text.checkUSB
                0x08005fd8       0xf4 src\main.o
                0x08005fd8                checkUSB
 .text.SysInit  0x080060cc       0xcc src\main.o
                0x080060cc                SysInit
 .text.ADC_IRQHandler
                0x08006198       0x84 src\main.o
                0x08006198                ADC_IRQHandler
 .text.TM_DMA_TransferCompleteHandler
                0x0800621c       0x5c src\main.o
                0x0800621c                TM_DMA_TransferCompleteHandler
 .text.main     0x08006278       0x12 src\main.o
                0x08006278                main
 *fill*         0x0800628a        0x2 
 .text.Reset_Handler
                0x0800628c       0x50 src\startup_stm32f40xx.o
                0x0800628c                Reset_Handler
 .text.Default_Handler
                0x080062dc        0x2 src\startup_stm32f40xx.o
                0x080062dc                RTC_Alarm_IRQHandler
                0x080062dc                HASH_RNG_IRQHandler
                0x080062dc                EXTI2_IRQHandler
                0x080062dc                TIM8_CC_IRQHandler
                0x080062dc                TIM1_CC_IRQHandler
                0x080062dc                PVD_IRQHandler
                0x080062dc                SDIO_IRQHandler
                0x080062dc                TAMP_STAMP_IRQHandler
                0x080062dc                CAN2_RX1_IRQHandler
                0x080062dc                EXTI3_IRQHandler
                0x080062dc                TIM8_TRG_COM_TIM14_IRQHandler
                0x080062dc                TIM1_UP_TIM10_IRQHandler
                0x080062dc                TIM8_UP_TIM13_IRQHandler
                0x080062dc                I2C3_ER_IRQHandler
                0x080062dc                EXTI0_IRQHandler
                0x080062dc                I2C2_EV_IRQHandler
                0x080062dc                CAN1_RX0_IRQHandler
                0x080062dc                FPU_IRQHandler
                0x080062dc                OTG_HS_WKUP_IRQHandler
                0x080062dc                CAN2_SCE_IRQHandler
                0x080062dc                SPI1_IRQHandler
                0x080062dc                TIM6_DAC_IRQHandler
                0x080062dc                TIM1_BRK_TIM9_IRQHandler
                0x080062dc                DCMI_IRQHandler
                0x080062dc                CAN2_RX0_IRQHandler
                0x080062dc                USART6_IRQHandler
                0x080062dc                USART3_IRQHandler
                0x080062dc                CRYP_IRQHandler
                0x080062dc                CAN1_RX1_IRQHandler
                0x080062dc                UART5_IRQHandler
                0x080062dc                TIM4_IRQHandler
                0x080062dc                I2C1_EV_IRQHandler
                0x080062dc                UART4_IRQHandler
                0x080062dc                TIM3_IRQHandler
                0x080062dc                RCC_IRQHandler
                0x080062dc                TIM8_BRK_TIM12_IRQHandler
                0x080062dc                Default_Handler
                0x080062dc                EXTI15_10_IRQHandler
                0x080062dc                TIM7_IRQHandler
                0x080062dc                CAN2_TX_IRQHandler
                0x080062dc                TIM5_IRQHandler
                0x080062dc                I2C3_EV_IRQHandler
                0x080062dc                EXTI9_5_IRQHandler
                0x080062dc                RTC_WKUP_IRQHandler
                0x080062dc                ETH_WKUP_IRQHandler
                0x080062dc                SPI2_IRQHandler
                0x080062dc                OTG_HS_EP1_IN_IRQHandler
                0x080062dc                CAN1_TX_IRQHandler
                0x080062dc                EXTI4_IRQHandler
                0x080062dc                FSMC_IRQHandler
                0x080062dc                ETH_IRQHandler
                0x080062dc                OTG_HS_EP1_OUT_IRQHandler
                0x080062dc                WWDG_IRQHandler
                0x080062dc                TIM2_IRQHandler
                0x080062dc                TIM1_TRG_COM_TIM11_IRQHandler
                0x080062dc                OTG_HS_IRQHandler
                0x080062dc                EXTI1_IRQHandler
                0x080062dc                USART2_IRQHandler
                0x080062dc                I2C2_ER_IRQHandler
                0x080062dc                CAN1_SCE_IRQHandler
                0x080062dc                FLASH_IRQHandler
                0x080062dc                USART1_IRQHandler
                0x080062dc                SPI3_IRQHandler
                0x080062dc                I2C1_ER_IRQHandler
 .text.NMI_Handler
                0x080062de        0xe src\stm32f4xx_it.o
                0x080062de                NMI_Handler
 .text.HardFault_Handler
                0x080062ec        0x6 src\stm32f4xx_it.o
                0x080062ec                HardFault_Handler
 .text.MemManage_Handler
                0x080062f2        0x6 src\stm32f4xx_it.o
                0x080062f2                MemManage_Handler
 .text.BusFault_Handler
                0x080062f8        0x6 src\stm32f4xx_it.o
                0x080062f8                BusFault_Handler
 .text.UsageFault_Handler
                0x080062fe        0x6 src\stm32f4xx_it.o
                0x080062fe                UsageFault_Handler
 .text.SVC_Handler
                0x08006304        0xe src\stm32f4xx_it.o
                0x08006304                SVC_Handler
 .text.DebugMon_Handler
                0x08006312        0xe src\stm32f4xx_it.o
                0x08006312                DebugMon_Handler
 .text.PendSV_Handler
                0x08006320        0xe src\stm32f4xx_it.o
                0x08006320                PendSV_Handler
 *fill*         0x0800632e        0x2 
 .text.SystemInit
                0x08006330       0x6c src\system_stm32f4xx.o
                0x08006330                SystemInit
 .text.SetSysClock
                0x0800639c       0xf8 src\system_stm32f4xx.o
 .text.__libc_init_array
                0x08006494       0x48 c:/program files (x86)/atollic/truestudio for stm32 9.0.1/armtools/bin/../lib/gcc/arm-atollic-eabi/6.3.1/../../../../arm-atollic-eabi/lib/armv7e-m/fpu\libc_nano.a(lib_a-init.o)
                0x08006494                __libc_init_array
 *(.glue_7)
 .glue_7        0x080064dc        0x0 linker stubs
 *(.glue_7t)
 .glue_7t       0x080064dc        0x0 linker stubs
 *(.eh_frame)
 .eh_frame      0x080064dc        0x0 c:/program files (x86)/atollic/truestudio for stm32 9.0.1/armtools/bin/../lib/gcc/arm-atollic-eabi/6.3.1/armv7e-m/fpu/crtbegin.o
 *(.init)
 .init          0x080064dc        0x4 c:/program files (x86)/atollic/truestudio for stm32 9.0.1/armtools/bin/../lib/gcc/arm-atollic-eabi/6.3.1/armv7e-m/fpu/crti.o
                0x080064dc                _init
 .init          0x080064e0        0x8 c:/program files (x86)/atollic/truestudio for stm32 9.0.1/armtools/bin/../lib/gcc/arm-atollic-eabi/6.3.1/armv7e-m/fpu/crtn.o
 *(.fini)
 .fini          0x080064e8        0x4 c:/program files (x86)/atollic/truestudio for stm32 9.0.1/armtools/bin/../lib/gcc/arm-atollic-eabi/6.3.1/armv7e-m/fpu/crti.o
                0x080064e8                _fini
 .fini          0x080064ec        0x8 c:/program files (x86)/atollic/truestudio for stm32 9.0.1/armtools/bin/../lib/gcc/arm-atollic-eabi/6.3.1/armv7e-m/fpu/crtn.o
                0x080064f4                . = ALIGN (0x4)
                0x080064f4                _etext = .

.vfp11_veneer   0x080064f4        0x0
 .vfp11_veneer  0x080064f4        0x0 linker stubs

.v4_bx          0x080064f4        0x0
 .v4_bx         0x080064f4        0x0 linker stubs

.iplt           0x080064f4        0x0
 .iplt          0x080064f4        0x0 c:/program files (x86)/atollic/truestudio for stm32 9.0.1/armtools/bin/../lib/gcc/arm-atollic-eabi/6.3.1/armv7e-m/fpu/crtbegin.o

.rodata         0x080064f4       0x78
                0x080064f4                . = ALIGN (0x4)
 *(.rodata)
 .rodata        0x080064f4       0x62 Libraries\STM32F4xx_StdPeriph_Driver\src\usbd_desc.o
 *(.rodata*)
 *fill*         0x08006556        0x2 
 .rodata.DMA_Flags_Bit_Pos
                0x08006558        0x4 Libraries\STM32F4xx_StdPeriph_Driver\src\tm_stm32f4_dma.o
 .rodata.DMA_IRQs
                0x0800655c       0x10 Libraries\STM32F4xx_StdPeriph_Driver\src\tm_stm32f4_dma.o
                0x0800656c                . = ALIGN (0x4)

.rel.dyn        0x0800656c        0x0
 .rel.iplt      0x0800656c        0x0 c:/program files (x86)/atollic/truestudio for stm32 9.0.1/armtools/bin/../lib/gcc/arm-atollic-eabi/6.3.1/armv7e-m/fpu/crtbegin.o

.ARM.extab
 *(.ARM.extab* .gnu.linkonce.armextab.*)

.ARM            0x0800656c        0x0
                0x0800656c                __exidx_start = .
 *(.ARM.exidx*)
                0x0800656c                __exidx_end = .

.preinit_array  0x0800656c        0x0
                0x0800656c                PROVIDE (__preinit_array_start, .)
 *(.preinit_array*)
                0x0800656c                PROVIDE (__preinit_array_end, .)

.init_array     0x0800656c        0x4
                0x0800656c                PROVIDE (__init_array_start, .)
 *(SORT(.init_array.*))
 *(.init_array*)
 .init_array    0x0800656c        0x4 c:/program files (x86)/atollic/truestudio for stm32 9.0.1/armtools/bin/../lib/gcc/arm-atollic-eabi/6.3.1/armv7e-m/fpu/crtbegin.o
                0x08006570                PROVIDE (__init_array_end, .)

.fini_array     0x08006570        0x4
                [!provide]                PROVIDE (__fini_array_start, .)
 *(SORT(.fini_array.*))
 *(.fini_array*)
 .fini_array    0x08006570        0x4 c:/program files (x86)/atollic/truestudio for stm32 9.0.1/armtools/bin/../lib/gcc/arm-atollic-eabi/6.3.1/armv7e-m/fpu/crtbegin.o
                [!provide]                PROVIDE (__fini_array_end, .)
                0x08006574                _sidata = LOADADDR (.data)

.data           0x20000000     0x7e30 load address 0x08006574
                0x20000000                . = ALIGN (0x4)
                0x20000000                _sdata = .
 *(.data)
 *(.data*)
 .data.APBAHBPrescTable
                0x20000000       0x10 Libraries\STM32F4xx_StdPeriph_Driver\src\stm32f4xx_rcc.o
 .data.DAC_SIGNAL_CHIRP
                0x20000010     0x3e80 Libraries\STM32F4xx_StdPeriph_Driver\src\tm_stm32f4_dac_signal.o
                0x20000010                DAC_SIGNAL_CHIRP
 .data.DAC_SIGNAL_SINUS
                0x20003e90     0x3e80 Libraries\STM32F4xx_StdPeriph_Driver\src\tm_stm32f4_dac_signal.o
                0x20003e90                DAC_SIGNAL_SINUS
 .data.usbd_cdc_CfgDesc
                0x20007d10       0x43 Libraries\STM32F4xx_StdPeriph_Driver\src\usbd_cdc_core.o
                0x20007d10                usbd_cdc_CfgDesc
 *fill*         0x20007d53        0x1 
 .data.cdcCmd   0x20007d54        0x4 Libraries\STM32F4xx_StdPeriph_Driver\src\usbd_cdc_core.o
 .data.USBD_CDC_cb
                0x20007d58       0x2c Libraries\STM32F4xx_StdPeriph_Driver\src\usbd_cdc_core.o
                0x20007d58                USBD_CDC_cb
 .data.linecoding
                0x20007d84        0x8 Libraries\STM32F4xx_StdPeriph_Driver\src\usbd_cdc_vcp.o
                0x20007d84                linecoding
 .data.VCP_fops
                0x20007d8c       0x14 Libraries\STM32F4xx_StdPeriph_Driver\src\usbd_cdc_vcp.o
                0x20007d8c                VCP_fops
 .data.USBD_DCD_INT_cb
                0x20007da0       0x2c Libraries\STM32F4xx_StdPeriph_Driver\src\usbd_core.o
                0x20007da0                USBD_DCD_INT_cb
 .data.USBD_DCD_INT_fops
                0x20007dcc        0x4 Libraries\STM32F4xx_StdPeriph_Driver\src\usbd_core.o
                0x20007dcc                USBD_DCD_INT_fops
 .data.USR_desc
                0x20007dd0       0x1c Libraries\STM32F4xx_StdPeriph_Driver\src\usbd_desc.o
                0x20007dd0                USR_desc
 .data.USBD_DeviceDesc
                0x20007dec       0x12 Libraries\STM32F4xx_StdPeriph_Driver\src\usbd_desc.o
                0x20007dec                USBD_DeviceDesc
 *fill*         0x20007dfe        0x2 
 .data.USBD_LangIDDesc
                0x20007e00        0x4 Libraries\STM32F4xx_StdPeriph_Driver\src\usbd_desc.o
                0x20007e00                USBD_LangIDDesc
 .data.TM_USB_VCP_INT_Status
                0x20007e04        0x1 Libraries\STM32F4xx_StdPeriph_Driver\src\usbd_usr.o
                0x20007e04                TM_USB_VCP_INT_Status
 *fill*         0x20007e05        0x3 
 .data.USR_cb   0x20007e08       0x1c Libraries\STM32F4xx_StdPeriph_Driver\src\usbd_usr.o
                0x20007e08                USR_cb
 .data.done     0x20007e24        0x2 src\main.o
                0x20007e24                done
 *fill*         0x20007e26        0x2 
 .data.numpulses
                0x20007e28        0x4 src\main.o
                0x20007e28                numpulses
 .data.numsamples
                0x20007e2c        0x4 src\main.o
                0x20007e2c                numsamples
                0x20007e30                . = ALIGN (0x4)
                0x20007e30                _edata = .
                0x0800e3a4                _siccmram = LOADADDR (.ccmram)

.igot.plt       0x20007e30        0x0 load address 0x0800e3a4
 .igot.plt      0x20007e30        0x0 c:/program files (x86)/atollic/truestudio for stm32 9.0.1/armtools/bin/../lib/gcc/arm-atollic-eabi/6.3.1/armv7e-m/fpu/crtbegin.o

.ccmram         0x10000000        0x0 load address 0x0800e3a4
                0x10000000                . = ALIGN (0x4)
                0x10000000                _sccmram = .
 *(.ccmram)
 *(.ccmram*)
                0x10000000                . = ALIGN (0x4)
                0x10000000                _eccmram = .
                0x10000000                . = ALIGN (0x4)

.bss            0x20007e30     0x10a4
                0x20007e30                _sbss = .
                0x20007e30                __bss_start__ = _sbss
 *(.bss)
 .bss           0x20007e30       0x1c c:/program files (x86)/atollic/truestudio for stm32 9.0.1/armtools/bin/../lib/gcc/arm-atollic-eabi/6.3.1/armv7e-m/fpu/crtbegin.o
 *(.bss*)
 .bss.dac_timer_set
                0x20007e4c        0x2 Libraries\STM32F4xx_StdPeriph_Driver\src\tm_stm32f4_dac_signal.o
                0x20007e4c                dac_timer_set
 *fill*         0x20007e4e        0x2 
 .bss.TM_Time   0x20007e50        0x4 Libraries\STM32F4xx_StdPeriph_Driver\src\tm_stm32f4_delay.o
                0x20007e50                TM_Time
 .bss.TM_Time2  0x20007e54        0x4 Libraries\STM32F4xx_StdPeriph_Driver\src\tm_stm32f4_delay.o
                0x20007e54                TM_Time2
 .bss.CustomTimers
                0x20007e58       0x18 Libraries\STM32F4xx_StdPeriph_Driver\src\tm_stm32f4_delay.o
 .bss.GPIO_UsedPins
                0x20007e70       0x16 Libraries\STM32F4xx_StdPeriph_Driver\src\tm_stm32f4_gpio.o
 .bss.TM_USB_VCP_INT_Init
                0x20007e86        0x1 Libraries\STM32F4xx_StdPeriph_Driver\src\tm_stm32f4_usb_vcp.o
                0x20007e86                TM_USB_VCP_INT_Init
 *fill*         0x20007e87        0x1 
 .bss.usbd_cdc_AltSet
                0x20007e88        0x4 Libraries\STM32F4xx_StdPeriph_Driver\src\usbd_cdc_core.o
 .bss.APP_Rx_ptr_in
                0x20007e8c        0x4 Libraries\STM32F4xx_StdPeriph_Driver\src\usbd_cdc_core.o
                0x20007e8c                APP_Rx_ptr_in
 .bss.APP_Rx_ptr_out
                0x20007e90        0x4 Libraries\STM32F4xx_StdPeriph_Driver\src\usbd_cdc_core.o
                0x20007e90                APP_Rx_ptr_out
 .bss.APP_Rx_length
                0x20007e94        0x4 Libraries\STM32F4xx_StdPeriph_Driver\src\usbd_cdc_core.o
                0x20007e94                APP_Rx_length
 .bss.USB_Tx_State
                0x20007e98        0x1 Libraries\STM32F4xx_StdPeriph_Driver\src\usbd_cdc_core.o
                0x20007e98                USB_Tx_State
 *fill*         0x20007e99        0x3 
 .bss.cdcLen    0x20007e9c        0x4 Libraries\STM32F4xx_StdPeriph_Driver\src\usbd_cdc_core.o
 .bss.FrameCount.10771
                0x20007ea0        0x4 Libraries\STM32F4xx_StdPeriph_Driver\src\usbd_cdc_core.o
 .bss.USBD_ep_status
                0x20007ea4        0x4 Libraries\STM32F4xx_StdPeriph_Driver\src\usbd_req.o
                0x20007ea4                USBD_ep_status
 .bss.USBD_default_cfg
                0x20007ea8        0x4 Libraries\STM32F4xx_StdPeriph_Driver\src\usbd_req.o
                0x20007ea8                USBD_default_cfg
 .bss.USBD_cfg_status
                0x20007eac        0x4 Libraries\STM32F4xx_StdPeriph_Driver\src\usbd_req.o
                0x20007eac                USBD_cfg_status
 .bss.cfgidx.10778
                0x20007eb0        0x1 Libraries\STM32F4xx_StdPeriph_Driver\src\usbd_req.o
 .bss.DMAcounter
                0x20007eb1        0x1 src\main.o
                0x20007eb1                DMAcounter
 .bss.ADCcounter
                0x20007eb2        0x1 src\main.o
                0x20007eb2                ADCcounter
 *(COMMON)
 *fill*         0x20007eb3        0x1 
 COMMON         0x20007eb4        0x8 Libraries\STM32F4xx_StdPeriph_Driver\src\tm_stm32f4_dac_signal.o
                0x20007eb4                DAC_TIM
 COMMON         0x20007ebc      0x680 Libraries\STM32F4xx_StdPeriph_Driver\src\tm_stm32f4_usb_vcp.o
                0x20007ebc                tm_int_usb_vcp_buf_in
                0x20007ec0                tm_int_usb_vcp_buf_num
                0x20007ec4                tm_int_usb_vcp_buf_out
                0x20007ec8                TM_INT_USB_VCP_ReceiveBuffer
                0x20007f48                USB_OTG_dev
 COMMON         0x2000853c      0x88c Libraries\STM32F4xx_StdPeriph_Driver\src\usbd_cdc_core.o
                0x2000853c                usbd_cdc_OtherCfgDesc
                0x20008580                USB_Rx_Buffer
                0x200085c0                CmdBuff
                0x200085c8                APP_Rx_Buffer
 COMMON         0x20008dc8        0x4 Libraries\STM32F4xx_StdPeriph_Driver\src\usbd_core.o
                0x20008dc8                SET_TEST_MODE
 COMMON         0x20008dcc       0xff Libraries\STM32F4xx_StdPeriph_Driver\src\usbd_req.o
                0x20008dcc                USBD_StrDesc
 *fill*         0x20008ecb        0x1 
 COMMON         0x20008ecc        0x6 src\main.o
                0x20008ecc                ADCval_Split
                0x20008ece                c
                0x20008ed0                ADCval
                0x20008ed4                . = ALIGN (0x4)
 *fill*         0x20008ed2        0x2 
                0x20008ed4                _ebss = .
                0x20008ed4                __bss_end__ = _ebss

._user_heap_stack
                0x20008ed4      0x400
                0x20008ed4                . = ALIGN (0x4)
                0x20008ed4                PROVIDE (end, .)
                [!provide]                PROVIDE (_end, .)
                0x20008ed4                . = (. + _Min_Heap_Size)
                0x200092d4                . = (. + _Min_Stack_Size)
 *fill*         0x20008ed4      0x400 
                0x200092d4                . = ALIGN (0x4)

.memory_b1_text
 *(.mb1text)
 *(.mb1text*)
 *(.mb1rodata)
 *(.mb1rodata*)

/DISCARD/
 libc.a(*)
 libm.a(*)
 libgcc.a(*)

.ARM.attributes
                0x00000000       0x30
 *(.ARM.attributes)
 .ARM.attributes
                0x00000000       0x22 c:/program files (x86)/atollic/truestudio for stm32 9.0.1/armtools/bin/../lib/gcc/arm-atollic-eabi/6.3.1/armv7e-m/fpu/crti.o
 .ARM.attributes
                0x00000022       0x34 c:/program files (x86)/atollic/truestudio for stm32 9.0.1/armtools/bin/../lib/gcc/arm-atollic-eabi/6.3.1/armv7e-m/fpu/crtbegin.o
 .ARM.attributes
                0x00000056       0x39 Libraries\STM32F4xx_StdPeriph_Driver\src\misc.o
 .ARM.attributes
                0x0000008f       0x39 Libraries\STM32F4xx_StdPeriph_Driver\src\stm32f4xx_adc.o
 .ARM.attributes
                0x000000c8       0x39 Libraries\STM32F4xx_StdPeriph_Driver\src\stm32f4xx_dac.o
 .ARM.attributes
                0x00000101       0x39 Libraries\STM32F4xx_StdPeriph_Driver\src\stm32f4xx_dma.o
 .ARM.attributes
                0x0000013a       0x39 Libraries\STM32F4xx_StdPeriph_Driver\src\stm32f4xx_exti.o
 .ARM.attributes
                0x00000173       0x39 Libraries\STM32F4xx_StdPeriph_Driver\src\stm32f4xx_gpio.o
 .ARM.attributes
                0x000001ac       0x39 Libraries\STM32F4xx_StdPeriph_Driver\src\stm32f4xx_rcc.o
 .ARM.attributes
                0x000001e5       0x39 Libraries\STM32F4xx_StdPeriph_Driver\src\stm32f4xx_tim.o
 .ARM.attributes
                0x0000021e       0x39 Libraries\STM32F4xx_StdPeriph_Driver\src\tm_stm32f4_dac_signal.o
 .ARM.attributes
                0x00000257       0x39 Libraries\STM32F4xx_StdPeriph_Driver\src\tm_stm32f4_delay.o
 .ARM.attributes
                0x00000290       0x39 Libraries\STM32F4xx_StdPeriph_Driver\src\tm_stm32f4_disco.o
 .ARM.attributes
                0x000002c9       0x39 Libraries\STM32F4xx_StdPeriph_Driver\src\tm_stm32f4_dma.o
 .ARM.attributes
                0x00000302       0x39 Libraries\STM32F4xx_StdPeriph_Driver\src\tm_stm32f4_gpio.o
 .ARM.attributes
                0x0000033b       0x39 Libraries\STM32F4xx_StdPeriph_Driver\src\tm_stm32f4_timer_properties.o
 .ARM.attributes
                0x00000374       0x39 Libraries\STM32F4xx_StdPeriph_Driver\src\tm_stm32f4_usb_vcp.o
 .ARM.attributes
                0x000003ad       0x39 Libraries\STM32F4xx_StdPeriph_Driver\src\usb_bsp.o
 .ARM.attributes
                0x000003e6       0x39 Libraries\STM32F4xx_StdPeriph_Driver\src\usb_core.o
 .ARM.attributes
                0x0000041f       0x39 Libraries\STM32F4xx_StdPeriph_Driver\src\usb_dcd.o
 .ARM.attributes
                0x00000458       0x39 Libraries\STM32F4xx_StdPeriph_Driver\src\usb_dcd_int.o
 .ARM.attributes
                0x00000491       0x39 Libraries\STM32F4xx_StdPeriph_Driver\src\usbd_cdc_core.o
 .ARM.attributes
                0x000004ca       0x39 Libraries\STM32F4xx_StdPeriph_Driver\src\usbd_cdc_vcp.o
 .ARM.attributes
                0x00000503       0x39 Libraries\STM32F4xx_StdPeriph_Driver\src\usbd_core.o
 .ARM.attributes
                0x0000053c       0x39 Libraries\STM32F4xx_StdPeriph_Driver\src\usbd_desc.o
 .ARM.attributes
                0x00000575       0x39 Libraries\STM32F4xx_StdPeriph_Driver\src\usbd_ioreq.o
 .ARM.attributes
                0x000005ae       0x39 Libraries\STM32F4xx_StdPeriph_Driver\src\usbd_req.o
 .ARM.attributes
                0x000005e7       0x39 Libraries\STM32F4xx_StdPeriph_Driver\src\usbd_usr.o
 .ARM.attributes
                0x00000620       0x39 src\main.o
 .ARM.attributes
                0x00000659       0x21 src\startup_stm32f40xx.o
 .ARM.attributes
                0x0000067a       0x39 src\stm32f4xx_it.o
 .ARM.attributes
                0x000006b3       0x39 src\system_stm32f4xx.o
 .ARM.attributes
                0x000006ec       0x34 c:/program files (x86)/atollic/truestudio for stm32 9.0.1/armtools/bin/../lib/gcc/arm-atollic-eabi/6.3.1/../../../../arm-atollic-eabi/lib/armv7e-m/fpu\libc_nano.a(lib_a-init.o)
 .ARM.attributes
                0x00000720       0x22 c:/program files (x86)/atollic/truestudio for stm32 9.0.1/armtools/bin/../lib/gcc/arm-atollic-eabi/6.3.1/armv7e-m/fpu\libgcc.a(_arm_addsubdf3.o)
 .ARM.attributes
                0x00000742       0x22 c:/program files (x86)/atollic/truestudio for stm32 9.0.1/armtools/bin/../lib/gcc/arm-atollic-eabi/6.3.1/armv7e-m/fpu\libgcc.a(_arm_muldivdf3.o)
 .ARM.attributes
                0x00000764       0x22 c:/program files (x86)/atollic/truestudio for stm32 9.0.1/armtools/bin/../lib/gcc/arm-atollic-eabi/6.3.1/armv7e-m/fpu\libgcc.a(_arm_cmpdf2.o)
 .ARM.attributes
                0x00000786       0x22 c:/program files (x86)/atollic/truestudio for stm32 9.0.1/armtools/bin/../lib/gcc/arm-atollic-eabi/6.3.1/armv7e-m/fpu\libgcc.a(_arm_fixunsdfsi.o)
 .ARM.attributes
                0x000007a8       0x22 c:/program files (x86)/atollic/truestudio for stm32 9.0.1/armtools/bin/../lib/gcc/arm-atollic-eabi/6.3.1/armv7e-m/fpu/crtn.o
OUTPUT(thesis.elf elf32-littlearm)

.debug_info     0x00000000    0x1cd8c
 .debug_info    0x00000000      0x54d Libraries\STM32F4xx_StdPeriph_Driver\src\misc.o
 .debug_info    0x0000054d      0xc4f Libraries\STM32F4xx_StdPeriph_Driver\src\stm32f4xx_adc.o
 .debug_info    0x0000119c      0x654 Libraries\STM32F4xx_StdPeriph_Driver\src\stm32f4xx_dac.o
 .debug_info    0x000017f0      0x74c Libraries\STM32F4xx_StdPeriph_Driver\src\stm32f4xx_dma.o
 .debug_info    0x00001f3c      0x366 Libraries\STM32F4xx_StdPeriph_Driver\src\stm32f4xx_exti.o
 .debug_info    0x000022a2      0x628 Libraries\STM32F4xx_StdPeriph_Driver\src\stm32f4xx_gpio.o
 .debug_info    0x000028ca      0xc98 Libraries\STM32F4xx_StdPeriph_Driver\src\stm32f4xx_rcc.o
 .debug_info    0x00003562     0x1c74 Libraries\STM32F4xx_StdPeriph_Driver\src\stm32f4xx_tim.o
 .debug_info    0x000051d6      0xae3 Libraries\STM32F4xx_StdPeriph_Driver\src\tm_stm32f4_dac_signal.o
 .debug_info    0x00005cb9     0x123d Libraries\STM32F4xx_StdPeriph_Driver\src\tm_stm32f4_delay.o
 .debug_info    0x00006ef6      0x282 Libraries\STM32F4xx_StdPeriph_Driver\src\tm_stm32f4_disco.o
 .debug_info    0x00007178      0x92b Libraries\STM32F4xx_StdPeriph_Driver\src\tm_stm32f4_dma.o
 .debug_info    0x00007aa3      0x848 Libraries\STM32F4xx_StdPeriph_Driver\src\tm_stm32f4_gpio.o
 .debug_info    0x000082eb      0x61d Libraries\STM32F4xx_StdPeriph_Driver\src\tm_stm32f4_timer_properties.o
 .debug_info    0x00008908     0x1736 Libraries\STM32F4xx_StdPeriph_Driver\src\tm_stm32f4_usb_vcp.o
 .debug_info    0x0000a03e     0x18d1 Libraries\STM32F4xx_StdPeriph_Driver\src\usb_bsp.o
 .debug_info    0x0000b90f     0x2cbb Libraries\STM32F4xx_StdPeriph_Driver\src\usb_core.o
 .debug_info    0x0000e5ca     0x186f Libraries\STM32F4xx_StdPeriph_Driver\src\usb_dcd.o
 .debug_info    0x0000fe39     0x25f1 Libraries\STM32F4xx_StdPeriph_Driver\src\usb_dcd_int.o
 .debug_info    0x0001242a     0x17c0 Libraries\STM32F4xx_StdPeriph_Driver\src\usbd_cdc_core.o
 .debug_info    0x00013bea     0x15d7 Libraries\STM32F4xx_StdPeriph_Driver\src\usbd_cdc_vcp.o
 .debug_info    0x000151c1     0x181d Libraries\STM32F4xx_StdPeriph_Driver\src\usbd_core.o
 .debug_info    0x000169de      0xbce Libraries\STM32F4xx_StdPeriph_Driver\src\usbd_desc.o
 .debug_info    0x000175ac     0x1507 Libraries\STM32F4xx_StdPeriph_Driver\src\usbd_ioreq.o
 .debug_info    0x00018ab3     0x1889 Libraries\STM32F4xx_StdPeriph_Driver\src\usbd_req.o
 .debug_info    0x0001a33c      0xd17 Libraries\STM32F4xx_StdPeriph_Driver\src\usbd_usr.o
 .debug_info    0x0001b053     0x1593 src\main.o
 .debug_info    0x0001c5e6       0x86 src\startup_stm32f40xx.o
 .debug_info    0x0001c66c      0x143 src\stm32f4xx_it.o
 .debug_info    0x0001c7af      0x5dd src\system_stm32f4xx.o

.debug_abbrev   0x00000000     0x39d7
 .debug_abbrev  0x00000000      0x172 Libraries\STM32F4xx_StdPeriph_Driver\src\misc.o
 .debug_abbrev  0x00000172      0x1ab Libraries\STM32F4xx_StdPeriph_Driver\src\stm32f4xx_adc.o
 .debug_abbrev  0x0000031d      0x191 Libraries\STM32F4xx_StdPeriph_Driver\src\stm32f4xx_dac.o
 .debug_abbrev  0x000004ae      0x168 Libraries\STM32F4xx_StdPeriph_Driver\src\stm32f4xx_dma.o
 .debug_abbrev  0x00000616      0x1bc Libraries\STM32F4xx_StdPeriph_Driver\src\stm32f4xx_exti.o
 .debug_abbrev  0x000007d2      0x1b8 Libraries\STM32F4xx_StdPeriph_Driver\src\stm32f4xx_gpio.o
 .debug_abbrev  0x0000098a      0x1f8 Libraries\STM32F4xx_StdPeriph_Driver\src\stm32f4xx_rcc.o
 .debug_abbrev  0x00000b82      0x19a Libraries\STM32F4xx_StdPeriph_Driver\src\stm32f4xx_tim.o
 .debug_abbrev  0x00000d1c      0x175 Libraries\STM32F4xx_StdPeriph_Driver\src\tm_stm32f4_dac_signal.o
 .debug_abbrev  0x00000e91      0x34f Libraries\STM32F4xx_StdPeriph_Driver\src\tm_stm32f4_delay.o
 .debug_abbrev  0x000011e0      0x103 Libraries\STM32F4xx_StdPeriph_Driver\src\tm_stm32f4_disco.o
 .debug_abbrev  0x000012e3      0x217 Libraries\STM32F4xx_StdPeriph_Driver\src\tm_stm32f4_dma.o
 .debug_abbrev  0x000014fa      0x17c Libraries\STM32F4xx_StdPeriph_Driver\src\tm_stm32f4_gpio.o
 .debug_abbrev  0x00001676      0x157 Libraries\STM32F4xx_StdPeriph_Driver\src\tm_stm32f4_timer_properties.o
 .debug_abbrev  0x000017cd      0x24f Libraries\STM32F4xx_StdPeriph_Driver\src\tm_stm32f4_usb_vcp.o
 .debug_abbrev  0x00001a1c      0x25d Libraries\STM32F4xx_StdPeriph_Driver\src\usb_bsp.o
 .debug_abbrev  0x00001c79      0x342 Libraries\STM32F4xx_StdPeriph_Driver\src\usb_core.o
 .debug_abbrev  0x00001fbb      0x2b2 Libraries\STM32F4xx_StdPeriph_Driver\src\usb_dcd.o
 .debug_abbrev  0x0000226d      0x29c Libraries\STM32F4xx_StdPeriph_Driver\src\usb_dcd_int.o
 .debug_abbrev  0x00002509      0x284 Libraries\STM32F4xx_StdPeriph_Driver\src\usbd_cdc_core.o
 .debug_abbrev  0x0000278d      0x25b Libraries\STM32F4xx_StdPeriph_Driver\src\usbd_cdc_vcp.o
 .debug_abbrev  0x000029e8      0x2db Libraries\STM32F4xx_StdPeriph_Driver\src\usbd_core.o
 .debug_abbrev  0x00002cc3      0x1ce Libraries\STM32F4xx_StdPeriph_Driver\src\usbd_desc.o
 .debug_abbrev  0x00002e91      0x224 Libraries\STM32F4xx_StdPeriph_Driver\src\usbd_ioreq.o
 .debug_abbrev  0x000030b5      0x315 Libraries\STM32F4xx_StdPeriph_Driver\src\usbd_req.o
 .debug_abbrev  0x000033ca      0x1f1 Libraries\STM32F4xx_StdPeriph_Driver\src\usbd_usr.o
 .debug_abbrev  0x000035bb      0x23a src\main.o
 .debug_abbrev  0x000037f5       0x12 src\startup_stm32f40xx.o
 .debug_abbrev  0x00003807       0x78 src\stm32f4xx_it.o
 .debug_abbrev  0x0000387f      0x158 src\system_stm32f4xx.o

.debug_aranges  0x00000000     0x1170
 .debug_aranges
                0x00000000       0x40 Libraries\STM32F4xx_StdPeriph_Driver\src\misc.o
 .debug_aranges
                0x00000040      0x148 Libraries\STM32F4xx_StdPeriph_Driver\src\stm32f4xx_adc.o
 .debug_aranges
                0x00000188       0xa0 Libraries\STM32F4xx_StdPeriph_Driver\src\stm32f4xx_dac.o
 .debug_aranges
                0x00000228       0xb0 Libraries\STM32F4xx_StdPeriph_Driver\src\stm32f4xx_dma.o
 .debug_aranges
                0x000002d8       0x58 Libraries\STM32F4xx_StdPeriph_Driver\src\stm32f4xx_exti.o
 .debug_aranges
                0x00000330       0x88 Libraries\STM32F4xx_StdPeriph_Driver\src\stm32f4xx_gpio.o
 .debug_aranges
                0x000003b8      0x180 Libraries\STM32F4xx_StdPeriph_Driver\src\stm32f4xx_rcc.o
 .debug_aranges
                0x00000538      0x2f8 Libraries\STM32F4xx_StdPeriph_Driver\src\stm32f4xx_tim.o
 .debug_aranges
                0x00000830       0x30 Libraries\STM32F4xx_StdPeriph_Driver\src\tm_stm32f4_dac_signal.o
 .debug_aranges
                0x00000860       0x80 Libraries\STM32F4xx_StdPeriph_Driver\src\tm_stm32f4_delay.o
 .debug_aranges
                0x000008e0       0x38 Libraries\STM32F4xx_StdPeriph_Driver\src\tm_stm32f4_disco.o
 .debug_aranges
                0x00000918       0xf8 Libraries\STM32F4xx_StdPeriph_Driver\src\tm_stm32f4_dma.o
 .debug_aranges
                0x00000a10       0x98 Libraries\STM32F4xx_StdPeriph_Driver\src\tm_stm32f4_gpio.o
 .debug_aranges
                0x00000aa8       0x38 Libraries\STM32F4xx_StdPeriph_Driver\src\tm_stm32f4_timer_properties.o
 .debug_aranges
                0x00000ae0       0x78 Libraries\STM32F4xx_StdPeriph_Driver\src\tm_stm32f4_usb_vcp.o
 .debug_aranges
                0x00000b58       0x48 Libraries\STM32F4xx_StdPeriph_Driver\src\usb_bsp.o
 .debug_aranges
                0x00000ba0      0x138 Libraries\STM32F4xx_StdPeriph_Driver\src\usb_core.o
 .debug_aranges
                0x00000cd8       0x80 Libraries\STM32F4xx_StdPeriph_Driver\src\usb_dcd.o
 .debug_aranges
                0x00000d58       0x80 Libraries\STM32F4xx_StdPeriph_Driver\src\usb_dcd_int.o
 .debug_aranges
                0x00000dd8       0x60 Libraries\STM32F4xx_StdPeriph_Driver\src\usbd_cdc_core.o
 .debug_aranges
                0x00000e38       0x40 Libraries\STM32F4xx_StdPeriph_Driver\src\usbd_cdc_vcp.o
 .debug_aranges
                0x00000e78       0x88 Libraries\STM32F4xx_StdPeriph_Driver\src\usbd_core.o
 .debug_aranges
                0x00000f00       0x50 Libraries\STM32F4xx_StdPeriph_Driver\src\usbd_desc.o
 .debug_aranges
                0x00000f50       0x50 Libraries\STM32F4xx_StdPeriph_Driver\src\usbd_ioreq.o
 .debug_aranges
                0x00000fa0       0x88 Libraries\STM32F4xx_StdPeriph_Driver\src\usbd_req.o
 .debug_aranges
                0x00001028       0x58 Libraries\STM32F4xx_StdPeriph_Driver\src\usbd_usr.o
 .debug_aranges
                0x00001080       0x40 src\main.o
 .debug_aranges
                0x000010c0       0x28 src\startup_stm32f40xx.o
 .debug_aranges
                0x000010e8       0x58 src\stm32f4xx_it.o
 .debug_aranges
                0x00001140       0x30 src\system_stm32f4xx.o

.debug_ranges   0x00000000      0xf98
 .debug_ranges  0x00000000       0x30 Libraries\STM32F4xx_StdPeriph_Driver\src\misc.o
 .debug_ranges  0x00000030      0x138 Libraries\STM32F4xx_StdPeriph_Driver\src\stm32f4xx_adc.o
 .debug_ranges  0x00000168       0x90 Libraries\STM32F4xx_StdPeriph_Driver\src\stm32f4xx_dac.o
 .debug_ranges  0x000001f8       0xa0 Libraries\STM32F4xx_StdPeriph_Driver\src\stm32f4xx_dma.o
 .debug_ranges  0x00000298       0x48 Libraries\STM32F4xx_StdPeriph_Driver\src\stm32f4xx_exti.o
 .debug_ranges  0x000002e0       0x78 Libraries\STM32F4xx_StdPeriph_Driver\src\stm32f4xx_gpio.o
 .debug_ranges  0x00000358      0x170 Libraries\STM32F4xx_StdPeriph_Driver\src\stm32f4xx_rcc.o
 .debug_ranges  0x000004c8      0x2e8 Libraries\STM32F4xx_StdPeriph_Driver\src\stm32f4xx_tim.o
 .debug_ranges  0x000007b0       0x20 Libraries\STM32F4xx_StdPeriph_Driver\src\tm_stm32f4_dac_signal.o
 .debug_ranges  0x000007d0       0x70 Libraries\STM32F4xx_StdPeriph_Driver\src\tm_stm32f4_delay.o
 .debug_ranges  0x00000840       0x28 Libraries\STM32F4xx_StdPeriph_Driver\src\tm_stm32f4_disco.o
 .debug_ranges  0x00000868       0xe8 Libraries\STM32F4xx_StdPeriph_Driver\src\tm_stm32f4_dma.o
 .debug_ranges  0x00000950       0x88 Libraries\STM32F4xx_StdPeriph_Driver\src\tm_stm32f4_gpio.o
 .debug_ranges  0x000009d8       0x28 Libraries\STM32F4xx_StdPeriph_Driver\src\tm_stm32f4_timer_properties.o
 .debug_ranges  0x00000a00       0x68 Libraries\STM32F4xx_StdPeriph_Driver\src\tm_stm32f4_usb_vcp.o
 .debug_ranges  0x00000a68       0x38 Libraries\STM32F4xx_StdPeriph_Driver\src\usb_bsp.o
 .debug_ranges  0x00000aa0      0x128 Libraries\STM32F4xx_StdPeriph_Driver\src\usb_core.o
 .debug_ranges  0x00000bc8       0x70 Libraries\STM32F4xx_StdPeriph_Driver\src\usb_dcd.o
 .debug_ranges  0x00000c38       0x70 Libraries\STM32F4xx_StdPeriph_Driver\src\usb_dcd_int.o
 .debug_ranges  0x00000ca8       0x50 Libraries\STM32F4xx_StdPeriph_Driver\src\usbd_cdc_core.o
 .debug_ranges  0x00000cf8       0x30 Libraries\STM32F4xx_StdPeriph_Driver\src\usbd_cdc_vcp.o
 .debug_ranges  0x00000d28       0x78 Libraries\STM32F4xx_StdPeriph_Driver\src\usbd_core.o
 .debug_ranges  0x00000da0       0x40 Libraries\STM32F4xx_StdPeriph_Driver\src\usbd_desc.o
 .debug_ranges  0x00000de0       0x40 Libraries\STM32F4xx_StdPeriph_Driver\src\usbd_ioreq.o
 .debug_ranges  0x00000e20       0x78 Libraries\STM32F4xx_StdPeriph_Driver\src\usbd_req.o
 .debug_ranges  0x00000e98       0x48 Libraries\STM32F4xx_StdPeriph_Driver\src\usbd_usr.o
 .debug_ranges  0x00000ee0       0x30 src\main.o
 .debug_ranges  0x00000f10       0x20 src\startup_stm32f40xx.o
 .debug_ranges  0x00000f30       0x48 src\stm32f4xx_it.o
 .debug_ranges  0x00000f78       0x20 src\system_stm32f4xx.o

.debug_line     0x00000000     0x7563
 .debug_line    0x00000000      0x253 Libraries\STM32F4xx_StdPeriph_Driver\src\misc.o
 .debug_line    0x00000253      0x572 Libraries\STM32F4xx_StdPeriph_Driver\src\stm32f4xx_adc.o
 .debug_line    0x000007c5      0x367 Libraries\STM32F4xx_StdPeriph_Driver\src\stm32f4xx_dac.o
 .debug_line    0x00000b2c      0x43f Libraries\STM32F4xx_StdPeriph_Driver\src\stm32f4xx_dma.o
 .debug_line    0x00000f6b      0x2b6 Libraries\STM32F4xx_StdPeriph_Driver\src\stm32f4xx_exti.o
 .debug_line    0x00001221      0x375 Libraries\STM32F4xx_StdPeriph_Driver\src\stm32f4xx_gpio.o
 .debug_line    0x00001596      0x5cd Libraries\STM32F4xx_StdPeriph_Driver\src\stm32f4xx_rcc.o
 .debug_line    0x00001b63      0xad6 Libraries\STM32F4xx_StdPeriph_Driver\src\stm32f4xx_tim.o
 .debug_line    0x00002639      0x307 Libraries\STM32F4xx_StdPeriph_Driver\src\tm_stm32f4_dac_signal.o
 .debug_line    0x00002940      0x4a5 Libraries\STM32F4xx_StdPeriph_Driver\src\tm_stm32f4_delay.o
 .debug_line    0x00002de5      0x248 Libraries\STM32F4xx_StdPeriph_Driver\src\tm_stm32f4_disco.o
 .debug_line    0x0000302d      0x469 Libraries\STM32F4xx_StdPeriph_Driver\src\tm_stm32f4_dma.o
 .debug_line    0x00003496      0x3c7 Libraries\STM32F4xx_StdPeriph_Driver\src\tm_stm32f4_gpio.o
 .debug_line    0x0000385d      0x2ee Libraries\STM32F4xx_StdPeriph_Driver\src\tm_stm32f4_timer_properties.o
 .debug_line    0x00003b4b      0x423 Libraries\STM32F4xx_StdPeriph_Driver\src\tm_stm32f4_usb_vcp.o
 .debug_line    0x00003f6e      0x35b Libraries\STM32F4xx_StdPeriph_Driver\src\usb_bsp.o
 .debug_line    0x000042c9      0x7dc Libraries\STM32F4xx_StdPeriph_Driver\src\usb_core.o
 .debug_line    0x00004aa5      0x43b Libraries\STM32F4xx_StdPeriph_Driver\src\usb_dcd.o
 .debug_line    0x00004ee0      0x4b5 Libraries\STM32F4xx_StdPeriph_Driver\src\usb_dcd_int.o
 .debug_line    0x00005395      0x3ab Libraries\STM32F4xx_StdPeriph_Driver\src\usbd_cdc_core.o
 .debug_line    0x00005740      0x356 Libraries\STM32F4xx_StdPeriph_Driver\src\usbd_cdc_vcp.o
 .debug_line    0x00005a96      0x429 Libraries\STM32F4xx_StdPeriph_Driver\src\usbd_core.o
 .debug_line    0x00005ebf      0x307 Libraries\STM32F4xx_StdPeriph_Driver\src\usbd_desc.o
 .debug_line    0x000061c6      0x325 Libraries\STM32F4xx_StdPeriph_Driver\src\usbd_ioreq.o
 .debug_line    0x000064eb      0x506 Libraries\STM32F4xx_StdPeriph_Driver\src\usbd_req.o
 .debug_line    0x000069f1      0x346 Libraries\STM32F4xx_StdPeriph_Driver\src\usbd_usr.o
 .debug_line    0x00006d37      0x383 src\main.o
 .debug_line    0x000070ba       0x7a src\startup_stm32f40xx.o
 .debug_line    0x00007134      0x216 src\stm32f4xx_it.o
 .debug_line    0x0000734a      0x219 src\system_stm32f4xx.o

.debug_str      0x00000000     0x608b
 .debug_str     0x00000000      0x40e Libraries\STM32F4xx_StdPeriph_Driver\src\misc.o
                                0x462 (size before relaxing)
 .debug_str     0x0000040e      0x650 Libraries\STM32F4xx_StdPeriph_Driver\src\stm32f4xx_adc.o
                                0x898 (size before relaxing)
 .debug_str     0x00000a5e      0x271 Libraries\STM32F4xx_StdPeriph_Driver\src\stm32f4xx_dac.o
                                0x4e7 (size before relaxing)
 .debug_str     0x00000ccf      0x369 Libraries\STM32F4xx_StdPeriph_Driver\src\stm32f4xx_dma.o
                                0x5d6 (size before relaxing)
 .debug_str     0x00001038      0x1c0 Libraries\STM32F4xx_StdPeriph_Driver\src\stm32f4xx_exti.o
                                0x3ed (size before relaxing)
 .debug_str     0x000011f8      0x287 Libraries\STM32F4xx_StdPeriph_Driver\src\stm32f4xx_gpio.o
                                0x537 (size before relaxing)
 .debug_str     0x0000147f      0x65f Libraries\STM32F4xx_StdPeriph_Driver\src\stm32f4xx_rcc.o
                                0x90d (size before relaxing)
 .debug_str     0x00001ade      0xb7c Libraries\STM32F4xx_StdPeriph_Driver\src\stm32f4xx_tim.o
                                0xe64 (size before relaxing)
 .debug_str     0x0000265a      0x31c Libraries\STM32F4xx_StdPeriph_Driver\src\tm_stm32f4_dac_signal.o
                                0x9a2 (size before relaxing)
 .debug_str     0x00002976      0xb1d Libraries\STM32F4xx_StdPeriph_Driver\src\tm_stm32f4_delay.o
                                0xe7f (size before relaxing)
 .debug_str     0x00003493       0xb2 Libraries\STM32F4xx_StdPeriph_Driver\src\tm_stm32f4_disco.o
                                0x3d4 (size before relaxing)
 .debug_str     0x00003545      0x32c Libraries\STM32F4xx_StdPeriph_Driver\src\tm_stm32f4_dma.o
                                0xb88 (size before relaxing)
 .debug_str     0x00003871      0x1de Libraries\STM32F4xx_StdPeriph_Driver\src\tm_stm32f4_gpio.o
                                0x646 (size before relaxing)
 .debug_str     0x00003a4f      0x1d3 Libraries\STM32F4xx_StdPeriph_Driver\src\tm_stm32f4_timer_properties.o
                                0x624 (size before relaxing)
 .debug_str     0x00003c22      0xa35 Libraries\STM32F4xx_StdPeriph_Driver\src\tm_stm32f4_usb_vcp.o
                               0x11a2 (size before relaxing)
 .debug_str     0x00004657       0xed Libraries\STM32F4xx_StdPeriph_Driver\src\usb_bsp.o
                               0x162a (size before relaxing)
 .debug_str     0x00004744      0xbbf Libraries\STM32F4xx_StdPeriph_Driver\src\usb_core.o
                               0x1b47 (size before relaxing)
 .debug_str     0x00005303      0x114 Libraries\STM32F4xx_StdPeriph_Driver\src\usb_dcd.o
                               0x100f (size before relaxing)
 .debug_str     0x00005417      0x2e6 Libraries\STM32F4xx_StdPeriph_Driver\src\usb_dcd_int.o
                               0x17bc (size before relaxing)
 .debug_str     0x000056fd      0x225 Libraries\STM32F4xx_StdPeriph_Driver\src\usbd_cdc_core.o
                               0x1050 (size before relaxing)
 .debug_str     0x00005922       0x70 Libraries\STM32F4xx_StdPeriph_Driver\src\usbd_cdc_vcp.o
                                0xf70 (size before relaxing)
 .debug_str     0x00005992      0x12c Libraries\STM32F4xx_StdPeriph_Driver\src\usbd_core.o
                               0x105f (size before relaxing)
 .debug_str     0x00005abe      0x10a Libraries\STM32F4xx_StdPeriph_Driver\src\usbd_desc.o
                                0x878 (size before relaxing)
 .debug_str     0x00005bc8       0xc1 Libraries\STM32F4xx_StdPeriph_Driver\src\usbd_ioreq.o
                                0xe9b (size before relaxing)
 .debug_str     0x00005c89      0x154 Libraries\STM32F4xx_StdPeriph_Driver\src\usbd_req.o
                               0x1044 (size before relaxing)
 .debug_str     0x00005ddd       0xed Libraries\STM32F4xx_StdPeriph_Driver\src\usbd_usr.o
                                0xac2 (size before relaxing)
 .debug_str     0x00005eca       0x9c src\main.o
                               0x139b (size before relaxing)
 .debug_str     0x00005f66       0x96 src\stm32f4xx_it.o
                                0x273 (size before relaxing)
 .debug_str     0x00005ffc       0x8f src\system_stm32f4xx.o
                                0x416 (size before relaxing)

.comment        0x00000000       0x7c
 .comment       0x00000000       0x7c Libraries\STM32F4xx_StdPeriph_Driver\src\misc.o
                                 0x7d (size before relaxing)
 .comment       0x0000007c       0x7d Libraries\STM32F4xx_StdPeriph_Driver\src\stm32f4xx_adc.o
 .comment       0x0000007c       0x7d Libraries\STM32F4xx_StdPeriph_Driver\src\stm32f4xx_dac.o
 .comment       0x0000007c       0x7d Libraries\STM32F4xx_StdPeriph_Driver\src\stm32f4xx_dma.o
 .comment       0x0000007c       0x7d Libraries\STM32F4xx_StdPeriph_Driver\src\stm32f4xx_exti.o
 .comment       0x0000007c       0x7d Libraries\STM32F4xx_StdPeriph_Driver\src\stm32f4xx_gpio.o
 .comment       0x0000007c       0x7d Libraries\STM32F4xx_StdPeriph_Driver\src\stm32f4xx_rcc.o
 .comment       0x0000007c       0x7d Libraries\STM32F4xx_StdPeriph_Driver\src\stm32f4xx_tim.o
 .comment       0x0000007c       0x7d Libraries\STM32F4xx_StdPeriph_Driver\src\tm_stm32f4_dac_signal.o
 .comment       0x0000007c       0x7d Libraries\STM32F4xx_StdPeriph_Driver\src\tm_stm32f4_delay.o
 .comment       0x0000007c       0x7d Libraries\STM32F4xx_StdPeriph_Driver\src\tm_stm32f4_disco.o
 .comment       0x0000007c       0x7d Libraries\STM32F4xx_StdPeriph_Driver\src\tm_stm32f4_dma.o
 .comment       0x0000007c       0x7d Libraries\STM32F4xx_StdPeriph_Driver\src\tm_stm32f4_gpio.o
 .comment       0x0000007c       0x7d Libraries\STM32F4xx_StdPeriph_Driver\src\tm_stm32f4_timer_properties.o
 .comment       0x0000007c       0x7d Libraries\STM32F4xx_StdPeriph_Driver\src\tm_stm32f4_usb_vcp.o
 .comment       0x0000007c       0x7d Libraries\STM32F4xx_StdPeriph_Driver\src\usb_bsp.o
 .comment       0x0000007c       0x7d Libraries\STM32F4xx_StdPeriph_Driver\src\usb_core.o
 .comment       0x0000007c       0x7d Libraries\STM32F4xx_StdPeriph_Driver\src\usb_dcd.o
 .comment       0x0000007c       0x7d Libraries\STM32F4xx_StdPeriph_Driver\src\usb_dcd_int.o
 .comment       0x0000007c       0x7d Libraries\STM32F4xx_StdPeriph_Driver\src\usbd_cdc_core.o
 .comment       0x0000007c       0x7d Libraries\STM32F4xx_StdPeriph_Driver\src\usbd_cdc_vcp.o
 .comment       0x0000007c       0x7d Libraries\STM32F4xx_StdPeriph_Driver\src\usbd_core.o
 .comment       0x0000007c       0x7d Libraries\STM32F4xx_StdPeriph_Driver\src\usbd_desc.o
 .comment       0x0000007c       0x7d Libraries\STM32F4xx_StdPeriph_Driver\src\usbd_ioreq.o
 .comment       0x0000007c       0x7d Libraries\STM32F4xx_StdPeriph_Driver\src\usbd_req.o
 .comment       0x0000007c       0x7d Libraries\STM32F4xx_StdPeriph_Driver\src\usbd_usr.o
 .comment       0x0000007c       0x7d src\main.o
 .comment       0x0000007c       0x7d src\stm32f4xx_it.o
 .comment       0x0000007c       0x7d src\system_stm32f4xx.o

.debug_frame    0x00000000     0x48a4
 .debug_frame   0x00000000       0xd8 Libraries\STM32F4xx_StdPeriph_Driver\src\misc.o
 .debug_frame   0x000000d8      0x5ec Libraries\STM32F4xx_StdPeriph_Driver\src\stm32f4xx_adc.o
 .debug_frame   0x000006c4      0x2ac Libraries\STM32F4xx_StdPeriph_Driver\src\stm32f4xx_dac.o
 .debug_frame   0x00000970      0x308 Libraries\STM32F4xx_StdPeriph_Driver\src\stm32f4xx_dma.o
 .debug_frame   0x00000c78      0x148 Libraries\STM32F4xx_StdPeriph_Driver\src\stm32f4xx_exti.o
 .debug_frame   0x00000dc0      0x23c Libraries\STM32F4xx_StdPeriph_Driver\src\stm32f4xx_gpio.o
 .debug_frame   0x00000ffc      0x6fc Libraries\STM32F4xx_StdPeriph_Driver\src\stm32f4xx_rcc.o
 .debug_frame   0x000016f8      0xe54 Libraries\STM32F4xx_StdPeriph_Driver\src\stm32f4xx_tim.o
 .debug_frame   0x0000254c       0x80 Libraries\STM32F4xx_StdPeriph_Driver\src\tm_stm32f4_dac_signal.o
 .debug_frame   0x000025cc      0x1ec Libraries\STM32F4xx_StdPeriph_Driver\src\tm_stm32f4_delay.o
 .debug_frame   0x000027b8       0x98 Libraries\STM32F4xx_StdPeriph_Driver\src\tm_stm32f4_disco.o
 .debug_frame   0x00002850      0x3a0 Libraries\STM32F4xx_StdPeriph_Driver\src\tm_stm32f4_dma.o
 .debug_frame   0x00002bf0      0x274 Libraries\STM32F4xx_StdPeriph_Driver\src\tm_stm32f4_gpio.o
 .debug_frame   0x00002e64       0xac Libraries\STM32F4xx_StdPeriph_Driver\src\tm_stm32f4_timer_properties.o
 .debug_frame   0x00002f10      0x1c4 Libraries\STM32F4xx_StdPeriph_Driver\src\tm_stm32f4_usb_vcp.o
 .debug_frame   0x000030d4       0xdc Libraries\STM32F4xx_StdPeriph_Driver\src\usb_bsp.o
 .debug_frame   0x000031b0      0x584 Libraries\STM32F4xx_StdPeriph_Driver\src\usb_core.o
 .debug_frame   0x00003734      0x1e8 Libraries\STM32F4xx_StdPeriph_Driver\src\usb_dcd.o
 .debug_frame   0x0000391c      0x1e8 Libraries\STM32F4xx_StdPeriph_Driver\src\usb_dcd_int.o
 .debug_frame   0x00003b04      0x158 Libraries\STM32F4xx_StdPeriph_Driver\src\usbd_cdc_core.o
 .debug_frame   0x00003c5c       0xc4 Libraries\STM32F4xx_StdPeriph_Driver\src\usbd_cdc_vcp.o
 .debug_frame   0x00003d20      0x210 Libraries\STM32F4xx_StdPeriph_Driver\src\usbd_core.o
 .debug_frame   0x00003f30      0x114 Libraries\STM32F4xx_StdPeriph_Driver\src\usbd_desc.o
 .debug_frame   0x00004044      0x110 Libraries\STM32F4xx_StdPeriph_Driver\src\usbd_ioreq.o
 .debug_frame   0x00004154      0x210 Libraries\STM32F4xx_StdPeriph_Driver\src\usbd_req.o
 .debug_frame   0x00004364      0x118 Libraries\STM32F4xx_StdPeriph_Driver\src\usbd_usr.o
 .debug_frame   0x0000447c       0xac src\main.o
 .debug_frame   0x00004528       0xf0 src\stm32f4xx_it.o
 .debug_frame   0x00004618       0x7c src\system_stm32f4xx.o
 .debug_frame   0x00004694       0x2c c:/program files (x86)/atollic/truestudio for stm32 9.0.1/armtools/bin/../lib/gcc/arm-atollic-eabi/6.3.1/../../../../arm-atollic-eabi/lib/armv7e-m/fpu\libc_nano.a(lib_a-init.o)
 .debug_frame   0x000046c0       0xac c:/program files (x86)/atollic/truestudio for stm32 9.0.1/armtools/bin/../lib/gcc/arm-atollic-eabi/6.3.1/armv7e-m/fpu\libgcc.a(_arm_addsubdf3.o)
 .debug_frame   0x0000476c       0x50 c:/program files (x86)/atollic/truestudio for stm32 9.0.1/armtools/bin/../lib/gcc/arm-atollic-eabi/6.3.1/armv7e-m/fpu\libgcc.a(_arm_muldivdf3.o)
 .debug_frame   0x000047bc       0xc4 c:/program files (x86)/atollic/truestudio for stm32 9.0.1/armtools/bin/../lib/gcc/arm-atollic-eabi/6.3.1/armv7e-m/fpu\libgcc.a(_arm_cmpdf2.o)
 .debug_frame   0x00004880       0x24 c:/program files (x86)/atollic/truestudio for stm32 9.0.1/armtools/bin/../lib/gcc/arm-atollic-eabi/6.3.1/armv7e-m/fpu\libgcc.a(_arm_fixunsdfsi.o)

.stabstr        0x00000000       0x3f
 .stabstr       0x00000000       0x3f c:/program files (x86)/atollic/truestudio for stm32 9.0.1/armtools/bin/../lib/gcc/arm-atollic-eabi/6.3.1/../../../../arm-atollic-eabi/lib/armv7e-m/fpu\libnosys.a(write.o)

Cross Reference Table

Symbol                                            File
ADC_AnalogWatchdogCmd                             Libraries\STM32F4xx_StdPeriph_Driver\src\stm32f4xx_adc.o
ADC_AnalogWatchdogSingleChannelConfig             Libraries\STM32F4xx_StdPeriph_Driver\src\stm32f4xx_adc.o
ADC_AnalogWatchdogThresholdsConfig                Libraries\STM32F4xx_StdPeriph_Driver\src\stm32f4xx_adc.o
ADC_AutoInjectedConvCmd                           Libraries\STM32F4xx_StdPeriph_Driver\src\stm32f4xx_adc.o
ADC_ClearFlag                                     Libraries\STM32F4xx_StdPeriph_Driver\src\stm32f4xx_adc.o
ADC_ClearITPendingBit                             Libraries\STM32F4xx_StdPeriph_Driver\src\stm32f4xx_adc.o
                                                  src\main.o
ADC_Cmd                                           Libraries\STM32F4xx_StdPeriph_Driver\src\stm32f4xx_adc.o
                                                  src\main.o
ADC_CommonInit                                    Libraries\STM32F4xx_StdPeriph_Driver\src\stm32f4xx_adc.o
                                                  src\main.o
                                                  Libraries\STM32F4xx_StdPeriph_Driver\src\tm_stm32f4_adc.o
ADC_CommonStructInit                              Libraries\STM32F4xx_StdPeriph_Driver\src\stm32f4xx_adc.o
ADC_ContinuousModeCmd                             Libraries\STM32F4xx_StdPeriph_Driver\src\stm32f4xx_adc.o
ADC_DMACmd                                        Libraries\STM32F4xx_StdPeriph_Driver\src\stm32f4xx_adc.o
ADC_DMARequestAfterLastTransferCmd                Libraries\STM32F4xx_StdPeriph_Driver\src\stm32f4xx_adc.o
ADC_DeInit                                        Libraries\STM32F4xx_StdPeriph_Driver\src\stm32f4xx_adc.o
ADC_DiscModeChannelCountConfig                    Libraries\STM32F4xx_StdPeriph_Driver\src\stm32f4xx_adc.o
ADC_DiscModeCmd                                   Libraries\STM32F4xx_StdPeriph_Driver\src\stm32f4xx_adc.o
ADC_EOCOnEachRegularChannelCmd                    Libraries\STM32F4xx_StdPeriph_Driver\src\stm32f4xx_adc.o
ADC_ExternalTrigInjectedConvConfig                Libraries\STM32F4xx_StdPeriph_Driver\src\stm32f4xx_adc.o
ADC_ExternalTrigInjectedConvEdgeConfig            Libraries\STM32F4xx_StdPeriph_Driver\src\stm32f4xx_adc.o
ADC_GetConversionValue                            Libraries\STM32F4xx_StdPeriph_Driver\src\stm32f4xx_adc.o
                                                  src\main.o
ADC_GetFlagStatus                                 Libraries\STM32F4xx_StdPeriph_Driver\src\stm32f4xx_adc.o
ADC_GetITStatus                                   Libraries\STM32F4xx_StdPeriph_Driver\src\stm32f4xx_adc.o
ADC_GetInjectedConversionValue                    Libraries\STM32F4xx_StdPeriph_Driver\src\stm32f4xx_adc.o
ADC_GetMultiModeConversionValue                   Libraries\STM32F4xx_StdPeriph_Driver\src\stm32f4xx_adc.o
ADC_GetSoftwareStartConvStatus                    Libraries\STM32F4xx_StdPeriph_Driver\src\stm32f4xx_adc.o
ADC_GetSoftwareStartInjectedConvCmdStatus         Libraries\STM32F4xx_StdPeriph_Driver\src\stm32f4xx_adc.o
ADC_IRQHandler                                    src\main.o
ADC_ITConfig                                      Libraries\STM32F4xx_StdPeriph_Driver\src\stm32f4xx_adc.o
                                                  src\main.o
ADC_Init                                          Libraries\STM32F4xx_StdPeriph_Driver\src\stm32f4xx_adc.o
                                                  src\main.o
                                                  Libraries\STM32F4xx_StdPeriph_Driver\src\tm_stm32f4_adc.o
ADC_InjectedChannelConfig                         Libraries\STM32F4xx_StdPeriph_Driver\src\stm32f4xx_adc.o
ADC_InjectedDiscModeCmd                           Libraries\STM32F4xx_StdPeriph_Driver\src\stm32f4xx_adc.o
ADC_InjectedSequencerLengthConfig                 Libraries\STM32F4xx_StdPeriph_Driver\src\stm32f4xx_adc.o
ADC_MultiModeDMARequestAfterLastTransferCmd       Libraries\STM32F4xx_StdPeriph_Driver\src\stm32f4xx_adc.o
ADC_RegularChannelConfig                          Libraries\STM32F4xx_StdPeriph_Driver\src\stm32f4xx_adc.o
                                                  src\main.o
                                                  Libraries\STM32F4xx_StdPeriph_Driver\src\tm_stm32f4_adc.o