tm_stm32f4_adc.c:40:6:TM_ADC_Init	24	static
tm_stm32f4_adc.c:80:6:TM_ADC_InitADC	56	static
tm_stm32f4_adc.c:127:10:TM_ADC_Read	24	static
tm_stm32f4_adc.c:146:6:TM_ADC_EnableVbat	4	static
tm_stm32f4_adc.c:151:6:TM_ADC_DisableVbat	4	static
tm_stm32f4_adc.c:156:10:TM_ADC_ReadVbat	24	static
tm_stm32f4_adc.c:179:6:TM_ADC_INT_Channel_0_Init	16	static
tm_stm32f4_adc.c:182:6:TM_ADC_INT_Channel_1_Init	16	static
tm_stm32f4_adc.c:185:6:TM_ADC_INT_Channel_2_Init	16	static
tm_stm32f4_adc.c:188:6:TM_ADC_INT_Channel_3_Init	16	static
tm_stm32f4_adc.c:191:6:TM_ADC_INT_Channel_4_Init	16	static
tm_stm32f4_adc.c:201:6:TM_ADC_INT_Channel_5_Init	16	static
tm_stm32f4_adc.c:211:6:TM_ADC_INT_Channel_6_Init	16	static
tm_stm32f4_adc.c:221:6:TM_ADC_INT_Channel_7_Init	16	static
tm_stm32f4_adc.c:231:6:TM_ADC_INT_Channel_8_Init	16	static
tm_stm32f4_adc.c:241:6:TM_ADC_INT_Channel_9_Init	16	static
tm_stm32f4_adc.c:251:6:TM_ADC_INT_Channel_10_Init	16	static
tm_stm32f4_adc.c:254:6:TM_ADC_INT_Channel_11_Init	16	static
tm_stm32f4_adc.c:257:6:TM_ADC_INT_Channel_12_Init	16	static
tm_stm32f4_adc.c:260:6:TM_ADC_INT_Channel_13_Init	16	static
tm_stm32f4_adc.c:263:6:TM_ADC_INT_Channel_14_Init	16	static
tm_stm32f4_adc.c:273:6:TM_ADC_INT_Channel_15_Init	16	static
tm_stm32f4_adc.c:283:6:TM_ADC_INT_InitPin	24	static
