core_cm4.h:1465:22:NVIC_DisableIRQ	16	static
tm_stm32f4_dma.c:40:6:TM_DMA_ClearFlags	16	static
tm_stm32f4_dma.c:45:6:TM_DMA_ClearFlag	24	static
tm_stm32f4_dma.c:71:10:TM_DMA_GetFlags	32	static
tm_stm32f4_dma.c:103:6:TM_DMA_EnableInterrupts	24	static
tm_stm32f4_dma.c:133:6:TM_DMA_DisableInterrupts	24	static
tm_stm32f4_dma.c:158:13:TM_DMA_TransferCompleteHandler	16	static
tm_stm32f4_dma.c:164:13:TM_DMA_HalfTransferCompleteHandler	16	static
tm_stm32f4_dma.c:170:13:TM_DMA_TransferErrorHandler	16	static
tm_stm32f4_dma.c:176:13:TM_DMA_DirectModeErrorHandler	16	static
tm_stm32f4_dma.c:182:13:TM_DMA_FIFOErrorHandler	16	static
tm_stm32f4_dma.c:191:13:TM_DMA_INT_ProcessInterrupt	24	static
tm_stm32f4_dma.c:224:6:DMA1_Stream0_IRQHandler	8	static
tm_stm32f4_dma.c:230:6:DMA1_Stream1_IRQHandler	8	static
tm_stm32f4_dma.c:236:6:DMA1_Stream2_IRQHandler	8	static
tm_stm32f4_dma.c:242:6:DMA1_Stream3_IRQHandler	8	static
tm_stm32f4_dma.c:248:6:DMA1_Stream4_IRQHandler	8	static
tm_stm32f4_dma.c:254:6:DMA1_Stream5_IRQHandler	8	static
tm_stm32f4_dma.c:260:6:DMA1_Stream6_IRQHandler	8	static
tm_stm32f4_dma.c:266:6:DMA1_Stream7_IRQHandler	8	static
tm_stm32f4_dma.c:272:6:DMA2_Stream0_IRQHandler	8	static
tm_stm32f4_dma.c:278:6:DMA2_Stream1_IRQHandler	8	static
tm_stm32f4_dma.c:284:6:DMA2_Stream2_IRQHandler	8	static
tm_stm32f4_dma.c:290:6:DMA2_Stream3_IRQHandler	8	static
tm_stm32f4_dma.c:296:6:DMA2_Stream4_IRQHandler	8	static
tm_stm32f4_dma.c:302:6:DMA2_Stream5_IRQHandler	8	static
tm_stm32f4_dma.c:308:6:DMA2_Stream6_IRQHandler	8	static
tm_stm32f4_dma.c:314:6:DMA2_Stream7_IRQHandler	8	static
